2025-11-19 09:45:28,234 - Scraping log - scraper.py >         <module>(): Line 740 - INFO - Running scraper with a limit of 100
2025-11-19 09:45:28,245 - Scraping log - scraper.py >         <module>(): Line 771 - INFO - Startup time until scraping: 0 mins
2025-11-19 09:45:28,245 - Scraping log - scraper.py >         <module>(): Line 785 - INFO - Running default scraper on KT_AI > https://www.geoportal.ch/services/wms/ktai?SERVICE=WMS&REQUEST=GetCapabilities (source 1/1467)
2025-11-19 09:45:34,878 - Scraping log - scraper.py > get_service_info(): Line 303 - WARNING - KT_AI, https://www.geoportal.ch/services/wms/ktai?SERVICE=WMS&REQUEST=GetCapabilities: Failed to detect WMS/WMTS/WFS.
2025-11-19 09:45:34,893 - Scraping log - scraper.py > get_service_info(): Line 414 - ERROR - KT_AI > https://www.geoportal.ch/services/wms/ktai?SERVICE=WMS&REQUEST=GetCapabilities: 'NoneType' object has no attribute 'identification'
2025-11-19 09:45:34,893 - Scraping log - scraper.py >         <module>(): Line 785 - INFO - Running default scraper on KT_AR > https://www.geoportal.ch/services/wms/ktar?SERVICE=WMS&REQUEST=GetCapabilities (source 2/1467)
2025-11-19 09:45:41,405 - Scraping log - scraper.py > get_service_info(): Line 303 - WARNING - KT_AR, https://www.geoportal.ch/services/wms/ktar?SERVICE=WMS&REQUEST=GetCapabilities: Failed to detect WMS/WMTS/WFS.
2025-11-19 09:45:41,405 - Scraping log - scraper.py > get_service_info(): Line 414 - ERROR - KT_AR > https://www.geoportal.ch/services/wms/ktar?SERVICE=WMS&REQUEST=GetCapabilities: 'NoneType' object has no attribute 'identification'
2025-11-19 09:45:41,405 - Scraping log - scraper.py >         <module>(): Line 785 - INFO - Running default scraper on KT_AG > https://wms.geo.ag.ch/public/ows?SERVICE=WMS (source 3/1467)
2025-11-19 09:45:47,026 - Scraping log - scraper.py > get_service_info(): Line 303 - WARNING - KT_AG, https://wms.geo.ag.ch/public/ows?SERVICE=WMS: Failed to detect WMS/WMTS/WFS.
2025-11-19 09:45:47,026 - Scraping log - scraper.py > get_service_info(): Line 414 - ERROR - KT_AG > https://wms.geo.ag.ch/public/ows?SERVICE=WMS: 'NoneType' object has no attribute 'identification'
2025-11-19 09:45:47,026 - Scraping log - scraper.py >         <module>(): Line 785 - INFO - Running default scraper on KT_BL > https://tile.geoview.bl.ch/1.0.0/WMTSCapabilities.xml (source 4/1467)
2025-11-19 09:45:50,381 - Scraping log - scraper.py > get_service_info(): Line 303 - WARNING - KT_BL, https://tile.geoview.bl.ch/1.0.0/WMTSCapabilities.xml: Failed to detect WMS/WMTS/WFS.
2025-11-19 09:45:50,382 - Scraping log - scraper.py > get_service_info(): Line 414 - ERROR - KT_BL > https://tile.geoview.bl.ch/1.0.0/WMTSCapabilities.xml: 'NoneType' object has no attribute 'identification'
2025-11-19 09:45:50,382 - Scraping log - scraper.py >         <module>(): Line 785 - INFO - Running default scraper on KT_BL > http://geowms.bl.ch/?SERVICE=WMS&VERSION=1.3.0&REQUEST=GetCapabilities (source 5/1467)
2025-11-19 09:46:05,972 - Scraping log - scraper.py > get_service_info(): Line 303 - WARNING - KT_BL, http://geowms.bl.ch/?SERVICE=WMS&VERSION=1.3.0&REQUEST=GetCapabilities: Failed to detect WMS/WMTS/WFS.
2025-11-19 09:46:05,972 - Scraping log - scraper.py > get_service_info(): Line 414 - ERROR - KT_BL > http://geowms.bl.ch/?SERVICE=WMS&VERSION=1.3.0&REQUEST=GetCapabilities: 'NoneType' object has no attribute 'identification'
2025-11-19 09:46:05,973 - Scraping log - scraper.py >         <module>(): Line 785 - INFO - Running default scraper on KT_BS > https://wfs.geo.bs.ch/?SERVICE=WFS&REQUEST=GetCapabilities (source 6/1467)
2025-11-19 09:46:09,966 - Scraping log - scraper.py > get_service_info(): Line 303 - WARNING - KT_BS, https://wfs.geo.bs.ch/?SERVICE=WFS&REQUEST=GetCapabilities: Failed to detect WMS/WMTS/WFS.
2025-11-19 09:46:09,967 - Scraping log - scraper.py > get_service_info(): Line 414 - ERROR - KT_BS > https://wfs.geo.bs.ch/?SERVICE=WFS&REQUEST=GetCapabilities: 'NoneType' object has no attribute 'identification'
2025-11-19 09:46:09,967 - Scraping log - scraper.py >         <module>(): Line 785 - INFO - Running default scraper on KT_BS > https://wmts.geo.bs.ch/EPSG/3857/1.0.0/WMTSCapabilities.xml (source 7/1467)
2025-11-19 09:46:14,934 - Scraping log - scraper.py > get_service_info(): Line 303 - WARNING - KT_BS, https://wmts.geo.bs.ch/EPSG/3857/1.0.0/WMTSCapabilities.xml: Failed to detect WMS/WMTS/WFS.
2025-11-19 09:46:14,935 - Scraping log - scraper.py > get_service_info(): Line 414 - ERROR - KT_BS > https://wmts.geo.bs.ch/EPSG/3857/1.0.0/WMTSCapabilities.xml: 'NoneType' object has no attribute 'identification'
2025-11-19 09:46:14,935 - Scraping log - scraper.py >         <module>(): Line 785 - INFO - Running default scraper on KT_BS > https://wms.geo.bs.ch/?SERVICE=WMS&REQUEST=GetCapabilities (source 8/1467)
2025-11-19 09:46:18,950 - Scraping log - scraper.py > get_service_info(): Line 303 - WARNING - KT_BS, https://wms.geo.bs.ch/?SERVICE=WMS&REQUEST=GetCapabilities: Failed to detect WMS/WMTS/WFS.
2025-11-19 09:46:18,950 - Scraping log - scraper.py > get_service_info(): Line 414 - ERROR - KT_BS > https://wms.geo.bs.ch/?SERVICE=WMS&REQUEST=GetCapabilities: 'NoneType' object has no attribute 'identification'
2025-11-19 09:46:18,950 - Scraping log - scraper.py >         <module>(): Line 785 - INFO - Running default scraper on KT_BE > https://www.geoservice.apps.be.ch/geoservice3/services/a42geo/of_climatologymeteorologyatmosphere01_de_ms_wms/MapServer/WMSServer?&request=GetCapabilities&service=WMS (source 9/1467)
2025-11-19 09:46:21,518 - Scraping log - scraper.py > get_service_info(): Line 303 - WARNING - KT_BE, https://www.geoservice.apps.be.ch/geoservice3/services/a42geo/of_climatologymeteorologyatmosphere01_de_ms_wms/MapServer/WMSServer?&request=GetCapabilities&service=WMS: Failed to detect WMS/WMTS/WFS.
2025-11-19 09:46:21,518 - Scraping log - scraper.py > get_service_info(): Line 414 - ERROR - KT_BE > https://www.geoservice.apps.be.ch/geoservice3/services/a42geo/of_climatologymeteorologyatmosphere01_de_ms_wms/MapServer/WMSServer?&request=GetCapabilities&service=WMS: 'NoneType' object has no attribute 'identification'
2025-11-19 09:46:21,519 - Scraping log - scraper.py >         <module>(): Line 785 - INFO - Running default scraper on KT_BE > https://www.geoservice.apps.be.ch/geoservice3/services/a42geo/of_climatologymeteorologyatmosphere01_de_ms_wfs/MapServer/WFSServer?&request=GetCapabilities&service=WFS (source 10/1467)
2025-11-19 09:46:24,514 - Scraping log - scraper.py > get_service_info(): Line 303 - WARNING - KT_BE, https://www.geoservice.apps.be.ch/geoservice3/services/a42geo/of_climatologymeteorologyatmosphere01_de_ms_wfs/MapServer/WFSServer?&request=GetCapabilities&service=WFS: Failed to detect WMS/WMTS/WFS.
2025-11-19 09:46:24,514 - Scraping log - scraper.py > get_service_info(): Line 414 - ERROR - KT_BE > https://www.geoservice.apps.be.ch/geoservice3/services/a42geo/of_climatologymeteorologyatmosphere01_de_ms_wfs/MapServer/WFSServer?&request=GetCapabilities&service=WFS: 'NoneType' object has no attribute 'identification'
2025-11-19 09:46:24,514 - Scraping log - scraper.py >         <module>(): Line 785 - INFO - Running default scraper on KT_BE > https://www.geoservice.apps.be.ch/geoservice3/services/a42geo/of_climatologymeteorologyatmosphere02_de_ms_wms/MapServer/WMSServer?&request=GetCapabilities&service=WMS (source 11/1467)
2025-11-19 09:46:29,156 - Scraping log - scraper.py > get_service_info(): Line 303 - WARNING - KT_BE, https://www.geoservice.apps.be.ch/geoservice3/services/a42geo/of_climatologymeteorologyatmosphere02_de_ms_wms/MapServer/WMSServer?&request=GetCapabilities&service=WMS: Failed to detect WMS/WMTS/WFS.
2025-11-19 09:46:29,157 - Scraping log - scraper.py > get_service_info(): Line 414 - ERROR - KT_BE > https://www.geoservice.apps.be.ch/geoservice3/services/a42geo/of_climatologymeteorologyatmosphere02_de_ms_wms/MapServer/WMSServer?&request=GetCapabilities&service=WMS: 'NoneType' object has no attribute 'identification'
2025-11-19 09:46:29,157 - Scraping log - scraper.py >         <module>(): Line 785 - INFO - Running default scraper on KT_BE > https://www.geoservice.apps.be.ch/geoservice3/services/a42geo/of_climatologymeteorologyatmosphere02_de_ms_wfs/MapServer/WFSServer?&request=GetCapabilities&service=WFS (source 12/1467)
2025-11-19 09:46:31,946 - Scraping log - scraper.py > get_service_info(): Line 303 - WARNING - KT_BE, https://www.geoservice.apps.be.ch/geoservice3/services/a42geo/of_climatologymeteorologyatmosphere02_de_ms_wfs/MapServer/WFSServer?&request=GetCapabilities&service=WFS: Failed to detect WMS/WMTS/WFS.
2025-11-19 09:46:31,947 - Scraping log - scraper.py > get_service_info(): Line 414 - ERROR - KT_BE > https://www.geoservice.apps.be.ch/geoservice3/services/a42geo/of_climatologymeteorologyatmosphere02_de_ms_wfs/MapServer/WFSServer?&request=GetCapabilities&service=WFS: 'NoneType' object has no attribute 'identification'
2025-11-19 09:46:31,947 - Scraping log - scraper.py >         <module>(): Line 785 - INFO - Running default scraper on KT_BE > https://www.geoservice.apps.be.ch/geoservice3/services/a42geo/of_imagerybasemapsearthcover01_de_ms_wms/MapServer/WMSServer?&request=GetCapabilities&service=WMS (source 13/1467)
2025-11-19 09:46:34,066 - Scraping log - scraper.py > get_service_info(): Line 303 - WARNING - KT_BE, https://www.geoservice.apps.be.ch/geoservice3/services/a42geo/of_imagerybasemapsearthcover01_de_ms_wms/MapServer/WMSServer?&request=GetCapabilities&service=WMS: Failed to detect WMS/WMTS/WFS.
2025-11-19 09:46:34,066 - Scraping log - scraper.py > get_service_info(): Line 414 - ERROR - KT_BE > https://www.geoservice.apps.be.ch/geoservice3/services/a42geo/of_imagerybasemapsearthcover01_de_ms_wms/MapServer/WMSServer?&request=GetCapabilities&service=WMS: 'NoneType' object has no attribute 'identification'
2025-11-19 09:46:34,066 - Scraping log - scraper.py >         <module>(): Line 785 - INFO - Running default scraper on KT_BE > https://www.geoservice.apps.be.ch/geoservice3/services/a42geo/of_imagerybasemapsearthcover01_de_ms_wfs/MapServer/WFSServer?&request=GetCapabilities&service=WFS (source 14/1467)
2025-11-19 09:46:36,800 - Scraping log - scraper.py > get_service_info(): Line 303 - WARNING - KT_BE, https://www.geoservice.apps.be.ch/geoservice3/services/a42geo/of_imagerybasemapsearthcover01_de_ms_wfs/MapServer/WFSServer?&request=GetCapabilities&service=WFS: Failed to detect WMS/WMTS/WFS.
2025-11-19 09:46:36,800 - Scraping log - scraper.py > get_service_info(): Line 414 - ERROR - KT_BE > https://www.geoservice.apps.be.ch/geoservice3/services/a42geo/of_imagerybasemapsearthcover01_de_ms_wfs/MapServer/WFSServer?&request=GetCapabilities&service=WFS: 'NoneType' object has no attribute 'identification'
2025-11-19 09:46:36,800 - Scraping log - scraper.py >         <module>(): Line 785 - INFO - Running default scraper on KT_BE > https://www.geoservice.apps.be.ch/geoservice3/services/a42geo/of_society01_de_ms_wms/MapServer/WMSServer?&request=GetCapabilities&service=WMS (source 15/1467)
2025-11-19 09:46:38,783 - Scraping log - scraper.py > get_service_info(): Line 303 - WARNING - KT_BE, https://www.geoservice.apps.be.ch/geoservice3/services/a42geo/of_society01_de_ms_wms/MapServer/WMSServer?&request=GetCapabilities&service=WMS: Failed to detect WMS/WMTS/WFS.
2025-11-19 09:46:38,783 - Scraping log - scraper.py > get_service_info(): Line 414 - ERROR - KT_BE > https://www.geoservice.apps.be.ch/geoservice3/services/a42geo/of_society01_de_ms_wms/MapServer/WMSServer?&request=GetCapabilities&service=WMS: 'NoneType' object has no attribute 'identification'
2025-11-19 09:46:38,783 - Scraping log - scraper.py >         <module>(): Line 785 - INFO - Running default scraper on KT_BE > https://www.geoservice.apps.be.ch/geoservice3/services/a42geo/of_society01_de_ms_wfs/MapServer/WFSServer?&request=GetCapabilities&service=WFS (source 16/1467)
2025-11-19 09:46:41,543 - Scraping log - scraper.py > get_service_info(): Line 303 - WARNING - KT_BE, https://www.geoservice.apps.be.ch/geoservice3/services/a42geo/of_society01_de_ms_wfs/MapServer/WFSServer?&request=GetCapabilities&service=WFS: Failed to detect WMS/WMTS/WFS.
2025-11-19 09:46:41,543 - Scraping log - scraper.py > get_service_info(): Line 414 - ERROR - KT_BE > https://www.geoservice.apps.be.ch/geoservice3/services/a42geo/of_society01_de_ms_wfs/MapServer/WFSServer?&request=GetCapabilities&service=WFS: 'NoneType' object has no attribute 'identification'
2025-11-19 09:46:41,543 - Scraping log - scraper.py >         <module>(): Line 785 - INFO - Running default scraper on KT_BE > https://www.geoservice.apps.be.ch/geoservice3/services/a42geo/of_society02_de_ms_wms/MapServer/WMSServer?&request=GetCapabilities&service=WMS (source 17/1467)
2025-11-19 09:46:43,621 - Scraping log - scraper.py > get_service_info(): Line 303 - WARNING - KT_BE, https://www.geoservice.apps.be.ch/geoservice3/services/a42geo/of_society02_de_ms_wms/MapServer/WMSServer?&request=GetCapabilities&service=WMS: Failed to detect WMS/WMTS/WFS.
2025-11-19 09:46:43,621 - Scraping log - scraper.py > get_service_info(): Line 414 - ERROR - KT_BE > https://www.geoservice.apps.be.ch/geoservice3/services/a42geo/of_society02_de_ms_wms/MapServer/WMSServer?&request=GetCapabilities&service=WMS: 'NoneType' object has no attribute 'identification'
2025-11-19 09:46:43,621 - Scraping log - scraper.py >         <module>(): Line 785 - INFO - Running default scraper on KT_BE > https://www.geoservice.apps.be.ch/geoservice3/services/a42geo/of_society02_de_ms_wfs/MapServer/WFSServer?&request=GetCapabilities&service=WFS (source 18/1467)
2025-11-19 09:46:46,298 - Scraping log - scraper.py > get_service_info(): Line 303 - WARNING - KT_BE, https://www.geoservice.apps.be.ch/geoservice3/services/a42geo/of_society02_de_ms_wfs/MapServer/WFSServer?&request=GetCapabilities&service=WFS: Failed to detect WMS/WMTS/WFS.
2025-11-19 09:46:46,298 - Scraping log - scraper.py > get_service_info(): Line 414 - ERROR - KT_BE > https://www.geoservice.apps.be.ch/geoservice3/services/a42geo/of_society02_de_ms_wfs/MapServer/WFSServer?&request=GetCapabilities&service=WFS: 'NoneType' object has no attribute 'identification'
2025-11-19 09:46:46,298 - Scraping log - scraper.py >         <module>(): Line 785 - INFO - Running default scraper on KT_BE > https://www.geoservice.apps.be.ch/geoservice3/services/a42geo/of_society03_de_ms_wms/MapServer/WMSServer?&request=GetCapabilities&service=WMS (source 19/1467)
2025-11-19 09:46:48,371 - Scraping log - scraper.py > get_service_info(): Line 303 - WARNING - KT_BE, https://www.geoservice.apps.be.ch/geoservice3/services/a42geo/of_society03_de_ms_wms/MapServer/WMSServer?&request=GetCapabilities&service=WMS: Failed to detect WMS/WMTS/WFS.
2025-11-19 09:46:48,371 - Scraping log - scraper.py > get_service_info(): Line 414 - ERROR - KT_BE > https://www.geoservice.apps.be.ch/geoservice3/services/a42geo/of_society03_de_ms_wms/MapServer/WMSServer?&request=GetCapabilities&service=WMS: 'NoneType' object has no attribute 'identification'
2025-11-19 09:46:48,371 - Scraping log - scraper.py >         <module>(): Line 785 - INFO - Running default scraper on KT_BE > https://www.geoservice.apps.be.ch/geoservice3/services/a42geo/of_society03_de_ms_wfs/MapServer/WFSServer?&request=GetCapabilities&service=WFS (source 20/1467)
2025-11-19 09:46:50,864 - Scraping log - scraper.py > get_service_info(): Line 303 - WARNING - KT_BE, https://www.geoservice.apps.be.ch/geoservice3/services/a42geo/of_society03_de_ms_wfs/MapServer/WFSServer?&request=GetCapabilities&service=WFS: Failed to detect WMS/WMTS/WFS.
2025-11-19 09:46:50,865 - Scraping log - scraper.py > get_service_info(): Line 414 - ERROR - KT_BE > https://www.geoservice.apps.be.ch/geoservice3/services/a42geo/of_society03_de_ms_wfs/MapServer/WFSServer?&request=GetCapabilities&service=WFS: 'NoneType' object has no attribute 'identification'
2025-11-19 09:46:50,865 - Scraping log - scraper.py >         <module>(): Line 785 - INFO - Running default scraper on KT_BE > https://www.geoservice.apps.be.ch/geoservice3/services/a42geo/of_structure01_de_ms_wms/MapServer/WMSServer?&request=GetCapabilities&service=WMS (source 21/1467)
2025-11-19 09:46:52,846 - Scraping log - scraper.py > get_service_info(): Line 303 - WARNING - KT_BE, https://www.geoservice.apps.be.ch/geoservice3/services/a42geo/of_structure01_de_ms_wms/MapServer/WMSServer?&request=GetCapabilities&service=WMS: Failed to detect WMS/WMTS/WFS.
2025-11-19 09:46:52,847 - Scraping log - scraper.py > get_service_info(): Line 414 - ERROR - KT_BE > https://www.geoservice.apps.be.ch/geoservice3/services/a42geo/of_structure01_de_ms_wms/MapServer/WMSServer?&request=GetCapabilities&service=WMS: 'NoneType' object has no attribute 'identification'
2025-11-19 09:46:52,847 - Scraping log - scraper.py >         <module>(): Line 785 - INFO - Running default scraper on KT_BE > https://www.geoservice.apps.be.ch/geoservice3/services/a42geo/of_structure01_de_ms_wfs/MapServer/WFSServer?&request=GetCapabilities&service=WFS (source 22/1467)
2025-11-19 09:46:55,321 - Scraping log - scraper.py > get_service_info(): Line 303 - WARNING - KT_BE, https://www.geoservice.apps.be.ch/geoservice3/services/a42geo/of_structure01_de_ms_wfs/MapServer/WFSServer?&request=GetCapabilities&service=WFS: Failed to detect WMS/WMTS/WFS.
2025-11-19 09:46:55,321 - Scraping log - scraper.py > get_service_info(): Line 414 - ERROR - KT_BE > https://www.geoservice.apps.be.ch/geoservice3/services/a42geo/of_structure01_de_ms_wfs/MapServer/WFSServer?&request=GetCapabilities&service=WFS: 'NoneType' object has no attribute 'identification'
2025-11-19 09:46:55,321 - Scraping log - scraper.py >         <module>(): Line 785 - INFO - Running default scraper on KT_BE > https://www.geoservice.apps.be.ch/geoservice3/services/a42geo/of_geoscientificinformation01_de_ms_wms/MapServer/WMSServer?&request=GetCapabilities&service=WMS (source 23/1467)
2025-11-19 09:46:57,350 - Scraping log - scraper.py > get_service_info(): Line 303 - WARNING - KT_BE, https://www.geoservice.apps.be.ch/geoservice3/services/a42geo/of_geoscientificinformation01_de_ms_wms/MapServer/WMSServer?&request=GetCapabilities&service=WMS: Failed to detect WMS/WMTS/WFS.
2025-11-19 09:46:57,350 - Scraping log - scraper.py > get_service_info(): Line 414 - ERROR - KT_BE > https://www.geoservice.apps.be.ch/geoservice3/services/a42geo/of_geoscientificinformation01_de_ms_wms/MapServer/WMSServer?&request=GetCapabilities&service=WMS: 'NoneType' object has no attribute 'identification'
2025-11-19 09:46:57,351 - Scraping log - scraper.py >         <module>(): Line 785 - INFO - Running default scraper on KT_BE > https://www.geoservice.apps.be.ch/geoservice3/services/a42geo/of_geoscientificinformation01_de_ms_wfs/MapServer/WFSServer?&request=GetCapabilities&service=WFS (source 24/1467)
2025-11-19 09:46:59,953 - Scraping log - scraper.py > get_service_info(): Line 303 - WARNING - KT_BE, https://www.geoservice.apps.be.ch/geoservice3/services/a42geo/of_geoscientificinformation01_de_ms_wfs/MapServer/WFSServer?&request=GetCapabilities&service=WFS: Failed to detect WMS/WMTS/WFS.
2025-11-19 09:46:59,953 - Scraping log - scraper.py > get_service_info(): Line 414 - ERROR - KT_BE > https://www.geoservice.apps.be.ch/geoservice3/services/a42geo/of_geoscientificinformation01_de_ms_wfs/MapServer/WFSServer?&request=GetCapabilities&service=WFS: 'NoneType' object has no attribute 'identification'
2025-11-19 09:46:59,953 - Scraping log - scraper.py >         <module>(): Line 785 - INFO - Running default scraper on KT_BE > https://www.geoservice.apps.be.ch/geoservice3/services/a42geo/of_geoscientificinformation02_de_ms_wms/MapServer/WMSServer?&request=GetCapabilities&service=WMS (source 25/1467)
2025-11-19 09:47:02,241 - Scraping log - scraper.py > get_service_info(): Line 303 - WARNING - KT_BE, https://www.geoservice.apps.be.ch/geoservice3/services/a42geo/of_geoscientificinformation02_de_ms_wms/MapServer/WMSServer?&request=GetCapabilities&service=WMS: Failed to detect WMS/WMTS/WFS.
2025-11-19 09:47:02,241 - Scraping log - scraper.py > get_service_info(): Line 414 - ERROR - KT_BE > https://www.geoservice.apps.be.ch/geoservice3/services/a42geo/of_geoscientificinformation02_de_ms_wms/MapServer/WMSServer?&request=GetCapabilities&service=WMS: 'NoneType' object has no attribute 'identification'
2025-11-19 09:47:02,241 - Scraping log - scraper.py >         <module>(): Line 785 - INFO - Running default scraper on KT_BE > https://www.geoservice.apps.be.ch/geoservice3/services/a42geo/of_geoscientificinformation02_de_ms_wfs/MapServer/WFSServer?&request=GetCapabilities&service=WFS (source 26/1467)
2025-11-19 09:47:04,827 - Scraping log - scraper.py > get_service_info(): Line 303 - WARNING - KT_BE, https://www.geoservice.apps.be.ch/geoservice3/services/a42geo/of_geoscientificinformation02_de_ms_wfs/MapServer/WFSServer?&request=GetCapabilities&service=WFS: Failed to detect WMS/WMTS/WFS.
2025-11-19 09:47:04,827 - Scraping log - scraper.py > get_service_info(): Line 414 - ERROR - KT_BE > https://www.geoservice.apps.be.ch/geoservice3/services/a42geo/of_geoscientificinformation02_de_ms_wfs/MapServer/WFSServer?&request=GetCapabilities&service=WFS: 'NoneType' object has no attribute 'identification'
2025-11-19 09:47:04,827 - Scraping log - scraper.py >         <module>(): Line 785 - INFO - Running default scraper on KT_BE > https://www.geoservice.apps.be.ch/geoservice3/services/a42geo/of_geoscientificinformation03_de_ms_wms/MapServer/WMSServer?&request=GetCapabilities&service=WMS (source 27/1467)
2025-11-19 09:47:07,332 - Scraping log - scraper.py > get_service_info(): Line 303 - WARNING - KT_BE, https://www.geoservice.apps.be.ch/geoservice3/services/a42geo/of_geoscientificinformation03_de_ms_wms/MapServer/WMSServer?&request=GetCapabilities&service=WMS: Failed to detect WMS/WMTS/WFS.
2025-11-19 09:47:07,333 - Scraping log - scraper.py > get_service_info(): Line 414 - ERROR - KT_BE > https://www.geoservice.apps.be.ch/geoservice3/services/a42geo/of_geoscientificinformation03_de_ms_wms/MapServer/WMSServer?&request=GetCapabilities&service=WMS: 'NoneType' object has no attribute 'identification'
2025-11-19 09:47:07,333 - Scraping log - scraper.py >         <module>(): Line 785 - INFO - Running default scraper on KT_BE > https://www.geoservice.apps.be.ch/geoservice3/services/a42geo/of_geoscientificinformation03_de_ms_wfs/MapServer/WFSServer?&request=GetCapabilities&service=WFS (source 28/1467)
2025-11-19 09:47:10,016 - Scraping log - scraper.py > get_service_info(): Line 303 - WARNING - KT_BE, https://www.geoservice.apps.be.ch/geoservice3/services/a42geo/of_geoscientificinformation03_de_ms_wfs/MapServer/WFSServer?&request=GetCapabilities&service=WFS: Failed to detect WMS/WMTS/WFS.
2025-11-19 09:47:10,016 - Scraping log - scraper.py > get_service_info(): Line 414 - ERROR - KT_BE > https://www.geoservice.apps.be.ch/geoservice3/services/a42geo/of_geoscientificinformation03_de_ms_wfs/MapServer/WFSServer?&request=GetCapabilities&service=WFS: 'NoneType' object has no attribute 'identification'
2025-11-19 09:47:10,016 - Scraping log - scraper.py >         <module>(): Line 785 - INFO - Running default scraper on KT_BE > https://www.geoservice.apps.be.ch/geoservice3/services/a42geo/of_health01_de_ms_wms/MapServer/WMSServer?&request=GetCapabilities&service=WMS (source 29/1467)
2025-11-19 09:47:11,986 - Scraping log - scraper.py > get_service_info(): Line 303 - WARNING - KT_BE, https://www.geoservice.apps.be.ch/geoservice3/services/a42geo/of_health01_de_ms_wms/MapServer/WMSServer?&request=GetCapabilities&service=WMS: Failed to detect WMS/WMTS/WFS.
2025-11-19 09:47:11,987 - Scraping log - scraper.py > get_service_info(): Line 414 - ERROR - KT_BE > https://www.geoservice.apps.be.ch/geoservice3/services/a42geo/of_health01_de_ms_wms/MapServer/WMSServer?&request=GetCapabilities&service=WMS: 'NoneType' object has no attribute 'identification'
2025-11-19 09:47:11,987 - Scraping log - scraper.py >         <module>(): Line 785 - INFO - Running default scraper on KT_BE > https://www.geoservice.apps.be.ch/geoservice3/services/a42geo/of_health01_de_ms_wfs/MapServer/WFSServer?&request=GetCapabilities&service=WFS (source 30/1467)
2025-11-19 09:47:14,924 - Scraping log - scraper.py > get_service_info(): Line 303 - WARNING - KT_BE, https://www.geoservice.apps.be.ch/geoservice3/services/a42geo/of_health01_de_ms_wfs/MapServer/WFSServer?&request=GetCapabilities&service=WFS: Failed to detect WMS/WMTS/WFS.
2025-11-19 09:47:14,924 - Scraping log - scraper.py > get_service_info(): Line 414 - ERROR - KT_BE > https://www.geoservice.apps.be.ch/geoservice3/services/a42geo/of_health01_de_ms_wfs/MapServer/WFSServer?&request=GetCapabilities&service=WFS: 'NoneType' object has no attribute 'identification'
2025-11-19 09:47:14,924 - Scraping log - scraper.py >         <module>(): Line 785 - INFO - Running default scraper on KT_BE > https://www.geoservice.apps.be.ch/geoservice3/services/a42geo/of_inlandwaters01_de_ms_wms/MapServer/WMSServer?&request=GetCapabilities&service=WMS (source 31/1467)
2025-11-19 09:47:17,079 - Scraping log - scraper.py > get_service_info(): Line 303 - WARNING - KT_BE, https://www.geoservice.apps.be.ch/geoservice3/services/a42geo/of_inlandwaters01_de_ms_wms/MapServer/WMSServer?&request=GetCapabilities&service=WMS: Failed to detect WMS/WMTS/WFS.
2025-11-19 09:47:17,080 - Scraping log - scraper.py > get_service_info(): Line 414 - ERROR - KT_BE > https://www.geoservice.apps.be.ch/geoservice3/services/a42geo/of_inlandwaters01_de_ms_wms/MapServer/WMSServer?&request=GetCapabilities&service=WMS: 'NoneType' object has no attribute 'identification'
2025-11-19 09:47:17,080 - Scraping log - scraper.py >         <module>(): Line 785 - INFO - Running default scraper on KT_BE > https://www.geoservice.apps.be.ch/geoservice3/services/a42geo/of_inlandwaters01_de_ms_wfs/MapServer/WFSServer?&request=GetCapabilities&service=WFS (source 32/1467)
2025-11-19 09:47:19,961 - Scraping log - scraper.py > get_service_info(): Line 303 - WARNING - KT_BE, https://www.geoservice.apps.be.ch/geoservice3/services/a42geo/of_inlandwaters01_de_ms_wfs/MapServer/WFSServer?&request=GetCapabilities&service=WFS: Failed to detect WMS/WMTS/WFS.
2025-11-19 09:47:19,961 - Scraping log - scraper.py > get_service_info(): Line 414 - ERROR - KT_BE > https://www.geoservice.apps.be.ch/geoservice3/services/a42geo/of_inlandwaters01_de_ms_wfs/MapServer/WFSServer?&request=GetCapabilities&service=WFS: 'NoneType' object has no attribute 'identification'
2025-11-19 09:47:19,961 - Scraping log - scraper.py >         <module>(): Line 785 - INFO - Running default scraper on KT_BE > https://www.geoservice.apps.be.ch/geoservice3/services/a42geo/of_inlandwaters02_de_ms_wms/MapServer/WMSServer?&request=GetCapabilities&service=WMS (source 33/1467)
2025-11-19 09:47:22,229 - Scraping log - scraper.py > get_service_info(): Line 303 - WARNING - KT_BE, https://www.geoservice.apps.be.ch/geoservice3/services/a42geo/of_inlandwaters02_de_ms_wms/MapServer/WMSServer?&request=GetCapabilities&service=WMS: Failed to detect WMS/WMTS/WFS.
2025-11-19 09:47:22,229 - Scraping log - scraper.py > get_service_info(): Line 414 - ERROR - KT_BE > https://www.geoservice.apps.be.ch/geoservice3/services/a42geo/of_inlandwaters02_de_ms_wms/MapServer/WMSServer?&request=GetCapabilities&service=WMS: 'NoneType' object has no attribute 'identification'
2025-11-19 09:47:22,229 - Scraping log - scraper.py >         <module>(): Line 785 - INFO - Running default scraper on KT_BE > https://www.geoservice.apps.be.ch/geoservice3/services/a42geo/of_inlandwaters02_de_ms_wfs/MapServer/WFSServer?&request=GetCapabilities&service=WFS (source 34/1467)
2025-11-19 09:47:25,154 - Scraping log - scraper.py > get_service_info(): Line 303 - WARNING - KT_BE, https://www.geoservice.apps.be.ch/geoservice3/services/a42geo/of_inlandwaters02_de_ms_wfs/MapServer/WFSServer?&request=GetCapabilities&service=WFS: Failed to detect WMS/WMTS/WFS.
2025-11-19 09:47:25,154 - Scraping log - scraper.py > get_service_info(): Line 414 - ERROR - KT_BE > https://www.geoservice.apps.be.ch/geoservice3/services/a42geo/of_inlandwaters02_de_ms_wfs/MapServer/WFSServer?&request=GetCapabilities&service=WFS: 'NoneType' object has no attribute 'identification'
2025-11-19 09:47:25,154 - Scraping log - scraper.py >         <module>(): Line 785 - INFO - Running default scraper on KT_BE > https://www.geoservice.apps.be.ch/geoservice3/services/a42geo/of_inlandwaters03_de_ms_wms/MapServer/WMSServer?&request=GetCapabilities&service=WMS (source 35/1467)
2025-11-19 09:47:27,902 - Scraping log - scraper.py > get_service_info(): Line 303 - WARNING - KT_BE, https://www.geoservice.apps.be.ch/geoservice3/services/a42geo/of_inlandwaters03_de_ms_wms/MapServer/WMSServer?&request=GetCapabilities&service=WMS: Failed to detect WMS/WMTS/WFS.
2025-11-19 09:47:27,902 - Scraping log - scraper.py > get_service_info(): Line 414 - ERROR - KT_BE > https://www.geoservice.apps.be.ch/geoservice3/services/a42geo/of_inlandwaters03_de_ms_wms/MapServer/WMSServer?&request=GetCapabilities&service=WMS: 'NoneType' object has no attribute 'identification'
2025-11-19 09:47:27,902 - Scraping log - scraper.py >         <module>(): Line 785 - INFO - Running default scraper on KT_BE > https://www.geoservice.apps.be.ch/geoservice3/services/a42geo/of_inlandwaters03_de_ms_wfs/MapServer/WFSServer?&request=GetCapabilities&service=WFS (source 36/1467)
2025-11-19 09:47:30,815 - Scraping log - scraper.py > get_service_info(): Line 303 - WARNING - KT_BE, https://www.geoservice.apps.be.ch/geoservice3/services/a42geo/of_inlandwaters03_de_ms_wfs/MapServer/WFSServer?&request=GetCapabilities&service=WFS: Failed to detect WMS/WMTS/WFS.
2025-11-19 09:47:30,816 - Scraping log - scraper.py > get_service_info(): Line 414 - ERROR - KT_BE > https://www.geoservice.apps.be.ch/geoservice3/services/a42geo/of_inlandwaters03_de_ms_wfs/MapServer/WFSServer?&request=GetCapabilities&service=WFS: 'NoneType' object has no attribute 'identification'
2025-11-19 09:47:30,816 - Scraping log - scraper.py >         <module>(): Line 785 - INFO - Running default scraper on KT_BE > https://www.geoservice.apps.be.ch/geoservice3/services/a42geo/of_elevation01_de_ms_wms/MapServer/WMSServer?&request=GetCapabilities&service=WMS (source 37/1467)
2025-11-19 09:47:32,763 - Scraping log - scraper.py > get_service_info(): Line 303 - WARNING - KT_BE, https://www.geoservice.apps.be.ch/geoservice3/services/a42geo/of_elevation01_de_ms_wms/MapServer/WMSServer?&request=GetCapabilities&service=WMS: Failed to detect WMS/WMTS/WFS.
2025-11-19 09:47:32,763 - Scraping log - scraper.py > get_service_info(): Line 414 - ERROR - KT_BE > https://www.geoservice.apps.be.ch/geoservice3/services/a42geo/of_elevation01_de_ms_wms/MapServer/WMSServer?&request=GetCapabilities&service=WMS: 'NoneType' object has no attribute 'identification'
2025-11-19 09:47:32,763 - Scraping log - scraper.py >         <module>(): Line 785 - INFO - Running default scraper on KT_BE > https://www.geoservice.apps.be.ch/geoservice3/services/a42geo/of_elevation01_de_ms_wfs/MapServer/WFSServer?&request=GetCapabilities&service=WFS (source 38/1467)
2025-11-19 09:47:35,402 - Scraping log - scraper.py > get_service_info(): Line 303 - WARNING - KT_BE, https://www.geoservice.apps.be.ch/geoservice3/services/a42geo/of_elevation01_de_ms_wfs/MapServer/WFSServer?&request=GetCapabilities&service=WFS: Failed to detect WMS/WMTS/WFS.
2025-11-19 09:47:35,402 - Scraping log - scraper.py > get_service_info(): Line 414 - ERROR - KT_BE > https://www.geoservice.apps.be.ch/geoservice3/services/a42geo/of_elevation01_de_ms_wfs/MapServer/WFSServer?&request=GetCapabilities&service=WFS: 'NoneType' object has no attribute 'identification'
2025-11-19 09:47:35,403 - Scraping log - scraper.py >         <module>(): Line 785 - INFO - Running default scraper on KT_BE > https://www.geoservice.apps.be.ch/geoservice3/services/a42geo/of_farming01_de_ms_wms/MapServer/WMSServer?&request=GetCapabilities&service=WMS (source 39/1467)
2025-11-19 09:47:37,419 - Scraping log - scraper.py > get_service_info(): Line 303 - WARNING - KT_BE, https://www.geoservice.apps.be.ch/geoservice3/services/a42geo/of_farming01_de_ms_wms/MapServer/WMSServer?&request=GetCapabilities&service=WMS: Failed to detect WMS/WMTS/WFS.
2025-11-19 09:47:37,420 - Scraping log - scraper.py > get_service_info(): Line 414 - ERROR - KT_BE > https://www.geoservice.apps.be.ch/geoservice3/services/a42geo/of_farming01_de_ms_wms/MapServer/WMSServer?&request=GetCapabilities&service=WMS: 'NoneType' object has no attribute 'identification'
2025-11-19 09:47:37,420 - Scraping log - scraper.py >         <module>(): Line 785 - INFO - Running default scraper on KT_BE > https://www.geoservice.apps.be.ch/geoservice3/services/a42geo/of_farming01_de_ms_wfs/MapServer/WFSServer?&request=GetCapabilities&service=WFS (source 40/1467)
2025-11-19 09:47:40,107 - Scraping log - scraper.py > get_service_info(): Line 303 - WARNING - KT_BE, https://www.geoservice.apps.be.ch/geoservice3/services/a42geo/of_farming01_de_ms_wfs/MapServer/WFSServer?&request=GetCapabilities&service=WFS: Failed to detect WMS/WMTS/WFS.
2025-11-19 09:47:40,108 - Scraping log - scraper.py > get_service_info(): Line 414 - ERROR - KT_BE > https://www.geoservice.apps.be.ch/geoservice3/services/a42geo/of_farming01_de_ms_wfs/MapServer/WFSServer?&request=GetCapabilities&service=WFS: 'NoneType' object has no attribute 'identification'
2025-11-19 09:47:40,108 - Scraping log - scraper.py >         <module>(): Line 785 - INFO - Running default scraper on KT_BE > https://www.geoservice.apps.be.ch/geoservice3/services/a42geo/of_farming02_de_ms_wms/MapServer/WMSServer?&request=GetCapabilities&service=WMS (source 41/1467)
2025-11-19 09:47:42,245 - Scraping log - scraper.py > get_service_info(): Line 303 - WARNING - KT_BE, https://www.geoservice.apps.be.ch/geoservice3/services/a42geo/of_farming02_de_ms_wms/MapServer/WMSServer?&request=GetCapabilities&service=WMS: Failed to detect WMS/WMTS/WFS.
2025-11-19 09:47:42,246 - Scraping log - scraper.py > get_service_info(): Line 414 - ERROR - KT_BE > https://www.geoservice.apps.be.ch/geoservice3/services/a42geo/of_farming02_de_ms_wms/MapServer/WMSServer?&request=GetCapabilities&service=WMS: 'NoneType' object has no attribute 'identification'
2025-11-19 09:47:42,246 - Scraping log - scraper.py >         <module>(): Line 785 - INFO - Running default scraper on KT_BE > https://www.geoservice.apps.be.ch/geoservice3/services/a42geo/of_farming02_de_ms_wfs/MapServer/WFSServer?&request=GetCapabilities&service=WFS (source 42/1467)
2025-11-19 09:47:45,002 - Scraping log - scraper.py > get_service_info(): Line 303 - WARNING - KT_BE, https://www.geoservice.apps.be.ch/geoservice3/services/a42geo/of_farming02_de_ms_wfs/MapServer/WFSServer?&request=GetCapabilities&service=WFS: Failed to detect WMS/WMTS/WFS.
2025-11-19 09:47:45,003 - Scraping log - scraper.py > get_service_info(): Line 414 - ERROR - KT_BE > https://www.geoservice.apps.be.ch/geoservice3/services/a42geo/of_farming02_de_ms_wfs/MapServer/WFSServer?&request=GetCapabilities&service=WFS: 'NoneType' object has no attribute 'identification'
2025-11-19 09:47:45,003 - Scraping log - scraper.py >         <module>(): Line 785 - INFO - Running default scraper on KT_BE > https://www.geoservice.apps.be.ch/geoservice3/services/a42geo/of_farming03_de_ms_wms/MapServer/WMSServer?&request=GetCapabilities&service=WMS (source 43/1467)
2025-11-19 09:47:47,277 - Scraping log - scraper.py > get_service_info(): Line 303 - WARNING - KT_BE, https://www.geoservice.apps.be.ch/geoservice3/services/a42geo/of_farming03_de_ms_wms/MapServer/WMSServer?&request=GetCapabilities&service=WMS: Failed to detect WMS/WMTS/WFS.
2025-11-19 09:47:47,277 - Scraping log - scraper.py > get_service_info(): Line 414 - ERROR - KT_BE > https://www.geoservice.apps.be.ch/geoservice3/services/a42geo/of_farming03_de_ms_wms/MapServer/WMSServer?&request=GetCapabilities&service=WMS: 'NoneType' object has no attribute 'identification'
2025-11-19 09:47:47,278 - Scraping log - scraper.py >         <module>(): Line 785 - INFO - Running default scraper on KT_BE > https://www.geoservice.apps.be.ch/geoservice3/services/a42geo/of_farming03_de_ms_wfs/MapServer/WFSServer?&request=GetCapabilities&service=WFS (source 44/1467)
2025-11-19 09:47:50,015 - Scraping log - scraper.py > get_service_info(): Line 303 - WARNING - KT_BE, https://www.geoservice.apps.be.ch/geoservice3/services/a42geo/of_farming03_de_ms_wfs/MapServer/WFSServer?&request=GetCapabilities&service=WFS: Failed to detect WMS/WMTS/WFS.
2025-11-19 09:47:50,016 - Scraping log - scraper.py > get_service_info(): Line 414 - ERROR - KT_BE > https://www.geoservice.apps.be.ch/geoservice3/services/a42geo/of_farming03_de_ms_wfs/MapServer/WFSServer?&request=GetCapabilities&service=WFS: 'NoneType' object has no attribute 'identification'
2025-11-19 09:47:50,016 - Scraping log - scraper.py >         <module>(): Line 785 - INFO - Running default scraper on KT_BE > https://www.geoservice.apps.be.ch/geoservice3/services/a42geo/of_location01_de_ms_wms/MapServer/WMSServer?&request=GetCapabilities&service=WMS (source 45/1467)
2025-11-19 09:47:52,008 - Scraping log - scraper.py > get_service_info(): Line 303 - WARNING - KT_BE, https://www.geoservice.apps.be.ch/geoservice3/services/a42geo/of_location01_de_ms_wms/MapServer/WMSServer?&request=GetCapabilities&service=WMS: Failed to detect WMS/WMTS/WFS.
2025-11-19 09:47:52,008 - Scraping log - scraper.py > get_service_info(): Line 414 - ERROR - KT_BE > https://www.geoservice.apps.be.ch/geoservice3/services/a42geo/of_location01_de_ms_wms/MapServer/WMSServer?&request=GetCapabilities&service=WMS: 'NoneType' object has no attribute 'identification'
2025-11-19 09:47:52,009 - Scraping log - scraper.py >         <module>(): Line 785 - INFO - Running default scraper on KT_BE > https://www.geoservice.apps.be.ch/geoservice3/services/a42geo/of_location01_de_ms_wfs/MapServer/WFSServer?&request=GetCapabilities&service=WFS (source 46/1467)
2025-11-19 09:47:54,521 - Scraping log - scraper.py > get_service_info(): Line 303 - WARNING - KT_BE, https://www.geoservice.apps.be.ch/geoservice3/services/a42geo/of_location01_de_ms_wfs/MapServer/WFSServer?&request=GetCapabilities&service=WFS: Failed to detect WMS/WMTS/WFS.
2025-11-19 09:47:54,521 - Scraping log - scraper.py > get_service_info(): Line 414 - ERROR - KT_BE > https://www.geoservice.apps.be.ch/geoservice3/services/a42geo/of_location01_de_ms_wfs/MapServer/WFSServer?&request=GetCapabilities&service=WFS: 'NoneType' object has no attribute 'identification'
2025-11-19 09:47:54,521 - Scraping log - scraper.py >         <module>(): Line 785 - INFO - Running default scraper on KT_BE > https://www.geoservice.apps.be.ch/geoservice3/services/a42geo/of_boundaries01_de_ms_wms/MapServer/WMSServer?&request=GetCapabilities&service=WMS (source 47/1467)
2025-11-19 09:47:56,560 - Scraping log - scraper.py > get_service_info(): Line 303 - WARNING - KT_BE, https://www.geoservice.apps.be.ch/geoservice3/services/a42geo/of_boundaries01_de_ms_wms/MapServer/WMSServer?&request=GetCapabilities&service=WMS: Failed to detect WMS/WMTS/WFS.
2025-11-19 09:47:56,560 - Scraping log - scraper.py > get_service_info(): Line 414 - ERROR - KT_BE > https://www.geoservice.apps.be.ch/geoservice3/services/a42geo/of_boundaries01_de_ms_wms/MapServer/WMSServer?&request=GetCapabilities&service=WMS: 'NoneType' object has no attribute 'identification'
2025-11-19 09:47:56,560 - Scraping log - scraper.py >         <module>(): Line 785 - INFO - Running default scraper on KT_BE > https://www.geoservice.apps.be.ch/geoservice3/services/a42geo/of_boundaries01_de_ms_wfs/MapServer/WFSServer?&request=GetCapabilities&service=WFS (source 48/1467)
2025-11-19 09:47:59,177 - Scraping log - scraper.py > get_service_info(): Line 303 - WARNING - KT_BE, https://www.geoservice.apps.be.ch/geoservice3/services/a42geo/of_boundaries01_de_ms_wfs/MapServer/WFSServer?&request=GetCapabilities&service=WFS: Failed to detect WMS/WMTS/WFS.
2025-11-19 09:47:59,177 - Scraping log - scraper.py > get_service_info(): Line 414 - ERROR - KT_BE > https://www.geoservice.apps.be.ch/geoservice3/services/a42geo/of_boundaries01_de_ms_wfs/MapServer/WFSServer?&request=GetCapabilities&service=WFS: 'NoneType' object has no attribute 'identification'
2025-11-19 09:47:59,178 - Scraping log - scraper.py >         <module>(): Line 785 - INFO - Running default scraper on KT_BE > https://www.geoservice.apps.be.ch/geoservice3/services/a42geo/of_boundaries02_de_ms_wms/MapServer/WMSServer?&request=GetCapabilities&service=WMS (source 49/1467)
2025-11-19 09:48:01,298 - Scraping log - scraper.py > get_service_info(): Line 303 - WARNING - KT_BE, https://www.geoservice.apps.be.ch/geoservice3/services/a42geo/of_boundaries02_de_ms_wms/MapServer/WMSServer?&request=GetCapabilities&service=WMS: Failed to detect WMS/WMTS/WFS.
2025-11-19 09:48:01,299 - Scraping log - scraper.py > get_service_info(): Line 414 - ERROR - KT_BE > https://www.geoservice.apps.be.ch/geoservice3/services/a42geo/of_boundaries02_de_ms_wms/MapServer/WMSServer?&request=GetCapabilities&service=WMS: 'NoneType' object has no attribute 'identification'
2025-11-19 09:48:01,299 - Scraping log - scraper.py >         <module>(): Line 785 - INFO - Running default scraper on KT_BE > https://www.geoservice.apps.be.ch/geoservice3/services/a42geo/of_boundaries02_de_ms_wfs/MapServer/WFSServer?&request=GetCapabilities&service=WFS (source 50/1467)
2025-11-19 09:48:03,922 - Scraping log - scraper.py > get_service_info(): Line 303 - WARNING - KT_BE, https://www.geoservice.apps.be.ch/geoservice3/services/a42geo/of_boundaries02_de_ms_wfs/MapServer/WFSServer?&request=GetCapabilities&service=WFS: Failed to detect WMS/WMTS/WFS.
2025-11-19 09:48:03,923 - Scraping log - scraper.py > get_service_info(): Line 414 - ERROR - KT_BE > https://www.geoservice.apps.be.ch/geoservice3/services/a42geo/of_boundaries02_de_ms_wfs/MapServer/WFSServer?&request=GetCapabilities&service=WFS: 'NoneType' object has no attribute 'identification'
2025-11-19 09:48:03,923 - Scraping log - scraper.py >         <module>(): Line 785 - INFO - Running default scraper on KT_BE > https://www.geoservice.apps.be.ch/geoservice3/services/a42geo/of_boundaries03_de_ms_wms/MapServer/WMSServer?&request=GetCapabilities&service=WMS (source 51/1467)
2025-11-19 09:48:06,016 - Scraping log - scraper.py > get_service_info(): Line 303 - WARNING - KT_BE, https://www.geoservice.apps.be.ch/geoservice3/services/a42geo/of_boundaries03_de_ms_wms/MapServer/WMSServer?&request=GetCapabilities&service=WMS: Failed to detect WMS/WMTS/WFS.
2025-11-19 09:48:06,016 - Scraping log - scraper.py > get_service_info(): Line 414 - ERROR - KT_BE > https://www.geoservice.apps.be.ch/geoservice3/services/a42geo/of_boundaries03_de_ms_wms/MapServer/WMSServer?&request=GetCapabilities&service=WMS: 'NoneType' object has no attribute 'identification'
2025-11-19 09:48:06,016 - Scraping log - scraper.py >         <module>(): Line 785 - INFO - Running default scraper on KT_BE > https://www.geoservice.apps.be.ch/geoservice3/services/a42geo/of_boundaries03_de_ms_wfs/MapServer/WFSServer?&request=GetCapabilities&service=WFS (source 52/1467)
2025-11-19 09:48:09,120 - Scraping log - scraper.py > get_service_info(): Line 303 - WARNING - KT_BE, https://www.geoservice.apps.be.ch/geoservice3/services/a42geo/of_boundaries03_de_ms_wfs/MapServer/WFSServer?&request=GetCapabilities&service=WFS: Failed to detect WMS/WMTS/WFS.
2025-11-19 09:48:09,121 - Scraping log - scraper.py > get_service_info(): Line 414 - ERROR - KT_BE > https://www.geoservice.apps.be.ch/geoservice3/services/a42geo/of_boundaries03_de_ms_wfs/MapServer/WFSServer?&request=GetCapabilities&service=WFS: 'NoneType' object has no attribute 'identification'
2025-11-19 09:48:09,121 - Scraping log - scraper.py >         <module>(): Line 785 - INFO - Running default scraper on KT_BE > https://www.geoservice.apps.be.ch/geoservice3/services/a42geo/of_boundaries04_de_ms_wms/MapServer/WMSServer?&request=GetCapabilities&service=WMS (source 53/1467)
2025-11-19 09:48:11,162 - Scraping log - scraper.py > get_service_info(): Line 303 - WARNING - KT_BE, https://www.geoservice.apps.be.ch/geoservice3/services/a42geo/of_boundaries04_de_ms_wms/MapServer/WMSServer?&request=GetCapabilities&service=WMS: Failed to detect WMS/WMTS/WFS.
2025-11-19 09:48:11,163 - Scraping log - scraper.py > get_service_info(): Line 414 - ERROR - KT_BE > https://www.geoservice.apps.be.ch/geoservice3/services/a42geo/of_boundaries04_de_ms_wms/MapServer/WMSServer?&request=GetCapabilities&service=WMS: 'NoneType' object has no attribute 'identification'
2025-11-19 09:48:11,163 - Scraping log - scraper.py >         <module>(): Line 785 - INFO - Running default scraper on KT_BE > https://www.geoservice.apps.be.ch/geoservice3/services/a42geo/of_boundaries04_de_ms_wfs/MapServer/WFSServer?&request=GetCapabilities&service=WFS (source 54/1467)
2025-11-19 09:48:13,864 - Scraping log - scraper.py > get_service_info(): Line 303 - WARNING - KT_BE, https://www.geoservice.apps.be.ch/geoservice3/services/a42geo/of_boundaries04_de_ms_wfs/MapServer/WFSServer?&request=GetCapabilities&service=WFS: Failed to detect WMS/WMTS/WFS.
2025-11-19 09:48:13,864 - Scraping log - scraper.py > get_service_info(): Line 414 - ERROR - KT_BE > https://www.geoservice.apps.be.ch/geoservice3/services/a42geo/of_boundaries04_de_ms_wfs/MapServer/WFSServer?&request=GetCapabilities&service=WFS: 'NoneType' object has no attribute 'identification'
2025-11-19 09:48:13,864 - Scraping log - scraper.py >         <module>(): Line 785 - INFO - Running default scraper on KT_BE > https://www.geoservice.apps.be.ch/geoservice3/services/a42geo/of_boundaries05_de_ms_wms/MapServer/WMSServer?&request=GetCapabilities&service=WMS (source 55/1467)
2025-11-19 09:48:15,957 - Scraping log - scraper.py > get_service_info(): Line 303 - WARNING - KT_BE, https://www.geoservice.apps.be.ch/geoservice3/services/a42geo/of_boundaries05_de_ms_wms/MapServer/WMSServer?&request=GetCapabilities&service=WMS: Failed to detect WMS/WMTS/WFS.
2025-11-19 09:48:15,957 - Scraping log - scraper.py > get_service_info(): Line 414 - ERROR - KT_BE > https://www.geoservice.apps.be.ch/geoservice3/services/a42geo/of_boundaries05_de_ms_wms/MapServer/WMSServer?&request=GetCapabilities&service=WMS: 'NoneType' object has no attribute 'identification'
2025-11-19 09:48:15,957 - Scraping log - scraper.py >         <module>(): Line 785 - INFO - Running default scraper on KT_BE > https://www.geoservice.apps.be.ch/geoservice3/services/a42geo/of_boundaries05_de_ms_wfs/MapServer/WFSServer?&request=GetCapabilities&service=WFS (source 56/1467)
2025-11-19 09:48:18,884 - Scraping log - scraper.py > get_service_info(): Line 303 - WARNING - KT_BE, https://www.geoservice.apps.be.ch/geoservice3/services/a42geo/of_boundaries05_de_ms_wfs/MapServer/WFSServer?&request=GetCapabilities&service=WFS: Failed to detect WMS/WMTS/WFS.
2025-11-19 09:48:18,884 - Scraping log - scraper.py > get_service_info(): Line 414 - ERROR - KT_BE > https://www.geoservice.apps.be.ch/geoservice3/services/a42geo/of_boundaries05_de_ms_wfs/MapServer/WFSServer?&request=GetCapabilities&service=WFS: 'NoneType' object has no attribute 'identification'
2025-11-19 09:48:18,885 - Scraping log - scraper.py >         <module>(): Line 785 - INFO - Running default scraper on KT_BE > https://www.geoservice.apps.be.ch/geoservice3/services/a42geo/of_boundaries06_de_ms_wms/MapServer/WMSServer?&request=GetCapabilities&service=WMS (source 57/1467)
2025-11-19 09:48:21,119 - Scraping log - scraper.py > get_service_info(): Line 303 - WARNING - KT_BE, https://www.geoservice.apps.be.ch/geoservice3/services/a42geo/of_boundaries06_de_ms_wms/MapServer/WMSServer?&request=GetCapabilities&service=WMS: Failed to detect WMS/WMTS/WFS.
2025-11-19 09:48:21,119 - Scraping log - scraper.py > get_service_info(): Line 414 - ERROR - KT_BE > https://www.geoservice.apps.be.ch/geoservice3/services/a42geo/of_boundaries06_de_ms_wms/MapServer/WMSServer?&request=GetCapabilities&service=WMS: 'NoneType' object has no attribute 'identification'
2025-11-19 09:48:21,119 - Scraping log - scraper.py >         <module>(): Line 785 - INFO - Running default scraper on KT_BE > https://www.geoservice.apps.be.ch/geoservice3/services/a42geo/of_boundaries06_de_ms_wfs/MapServer/WFSServer?&request=GetCapabilities&service=WFS (source 58/1467)
2025-11-19 09:48:23,641 - Scraping log - scraper.py > get_service_info(): Line 303 - WARNING - KT_BE, https://www.geoservice.apps.be.ch/geoservice3/services/a42geo/of_boundaries06_de_ms_wfs/MapServer/WFSServer?&request=GetCapabilities&service=WFS: Failed to detect WMS/WMTS/WFS.
2025-11-19 09:48:23,641 - Scraping log - scraper.py > get_service_info(): Line 414 - ERROR - KT_BE > https://www.geoservice.apps.be.ch/geoservice3/services/a42geo/of_boundaries06_de_ms_wfs/MapServer/WFSServer?&request=GetCapabilities&service=WFS: 'NoneType' object has no attribute 'identification'
2025-11-19 09:48:23,641 - Scraping log - scraper.py >         <module>(): Line 785 - INFO - Running default scraper on KT_BE > https://www.geoservice.apps.be.ch/geoservice3/services/a42geo/of_planningcadastre01_de_ms_wms/MapServer/WMSServer?&request=GetCapabilities&service=WMS (source 59/1467)
2025-11-19 09:48:25,807 - Scraping log - scraper.py > get_service_info(): Line 303 - WARNING - KT_BE, https://www.geoservice.apps.be.ch/geoservice3/services/a42geo/of_planningcadastre01_de_ms_wms/MapServer/WMSServer?&request=GetCapabilities&service=WMS: Failed to detect WMS/WMTS/WFS.
2025-11-19 09:48:25,808 - Scraping log - scraper.py > get_service_info(): Line 414 - ERROR - KT_BE > https://www.geoservice.apps.be.ch/geoservice3/services/a42geo/of_planningcadastre01_de_ms_wms/MapServer/WMSServer?&request=GetCapabilities&service=WMS: 'NoneType' object has no attribute 'identification'
2025-11-19 09:48:25,808 - Scraping log - scraper.py >         <module>(): Line 785 - INFO - Running default scraper on KT_BE > https://www.geoservice.apps.be.ch/geoservice3/services/a42geo/of_planningcadastre01_de_ms_wfs/MapServer/WFSServer?&request=GetCapabilities&service=WFS (source 60/1467)
2025-11-19 09:48:28,928 - Scraping log - scraper.py > get_service_info(): Line 303 - WARNING - KT_BE, https://www.geoservice.apps.be.ch/geoservice3/services/a42geo/of_planningcadastre01_de_ms_wfs/MapServer/WFSServer?&request=GetCapabilities&service=WFS: Failed to detect WMS/WMTS/WFS.
2025-11-19 09:48:28,928 - Scraping log - scraper.py > get_service_info(): Line 414 - ERROR - KT_BE > https://www.geoservice.apps.be.ch/geoservice3/services/a42geo/of_planningcadastre01_de_ms_wfs/MapServer/WFSServer?&request=GetCapabilities&service=WFS: 'NoneType' object has no attribute 'identification'
2025-11-19 09:48:28,928 - Scraping log - scraper.py >         <module>(): Line 785 - INFO - Running default scraper on KT_BE > https://www.geoservice.apps.be.ch/geoservice3/services/a42geo/of_planningcadastre02_de_ms_wms/MapServer/WMSServer?&request=GetCapabilities&service=WMS (source 61/1467)
2025-11-19 09:48:31,161 - Scraping log - scraper.py > get_service_info(): Line 303 - WARNING - KT_BE, https://www.geoservice.apps.be.ch/geoservice3/services/a42geo/of_planningcadastre02_de_ms_wms/MapServer/WMSServer?&request=GetCapabilities&service=WMS: Failed to detect WMS/WMTS/WFS.
2025-11-19 09:48:31,162 - Scraping log - scraper.py > get_service_info(): Line 414 - ERROR - KT_BE > https://www.geoservice.apps.be.ch/geoservice3/services/a42geo/of_planningcadastre02_de_ms_wms/MapServer/WMSServer?&request=GetCapabilities&service=WMS: 'NoneType' object has no attribute 'identification'
2025-11-19 09:48:31,162 - Scraping log - scraper.py >         <module>(): Line 785 - INFO - Running default scraper on KT_BE > https://www.geoservice.apps.be.ch/geoservice3/services/a42geo/of_planningcadastre02_de_ms_wfs/MapServer/WFSServer?&request=GetCapabilities&service=WFS (source 62/1467)
2025-11-19 09:48:34,105 - Scraping log - scraper.py > get_service_info(): Line 303 - WARNING - KT_BE, https://www.geoservice.apps.be.ch/geoservice3/services/a42geo/of_planningcadastre02_de_ms_wfs/MapServer/WFSServer?&request=GetCapabilities&service=WFS: Failed to detect WMS/WMTS/WFS.
2025-11-19 09:48:34,105 - Scraping log - scraper.py > get_service_info(): Line 414 - ERROR - KT_BE > https://www.geoservice.apps.be.ch/geoservice3/services/a42geo/of_planningcadastre02_de_ms_wfs/MapServer/WFSServer?&request=GetCapabilities&service=WFS: 'NoneType' object has no attribute 'identification'
2025-11-19 09:48:34,105 - Scraping log - scraper.py >         <module>(): Line 785 - INFO - Running default scraper on KT_BE > https://www.geoservice.apps.be.ch/geoservice3/services/a42geo/of_planningcadastre03_de_ms_wms/MapServer/WMSServer?&request=GetCapabilities&service=WMS (source 63/1467)
2025-11-19 09:48:36,408 - Scraping log - scraper.py > get_service_info(): Line 303 - WARNING - KT_BE, https://www.geoservice.apps.be.ch/geoservice3/services/a42geo/of_planningcadastre03_de_ms_wms/MapServer/WMSServer?&request=GetCapabilities&service=WMS: Failed to detect WMS/WMTS/WFS.
2025-11-19 09:48:36,408 - Scraping log - scraper.py > get_service_info(): Line 414 - ERROR - KT_BE > https://www.geoservice.apps.be.ch/geoservice3/services/a42geo/of_planningcadastre03_de_ms_wms/MapServer/WMSServer?&request=GetCapabilities&service=WMS: 'NoneType' object has no attribute 'identification'
2025-11-19 09:48:36,408 - Scraping log - scraper.py >         <module>(): Line 785 - INFO - Running default scraper on KT_BE > https://www.geoservice.apps.be.ch/geoservice3/services/a42geo/of_planningcadastre03_de_ms_wfs/MapServer/WFSServer?&request=GetCapabilities&service=WFS (source 64/1467)
2025-11-19 09:48:39,412 - Scraping log - scraper.py > get_service_info(): Line 303 - WARNING - KT_BE, https://www.geoservice.apps.be.ch/geoservice3/services/a42geo/of_planningcadastre03_de_ms_wfs/MapServer/WFSServer?&request=GetCapabilities&service=WFS: Failed to detect WMS/WMTS/WFS.
2025-11-19 09:48:39,413 - Scraping log - scraper.py > get_service_info(): Line 414 - ERROR - KT_BE > https://www.geoservice.apps.be.ch/geoservice3/services/a42geo/of_planningcadastre03_de_ms_wfs/MapServer/WFSServer?&request=GetCapabilities&service=WFS: 'NoneType' object has no attribute 'identification'
2025-11-19 09:48:39,413 - Scraping log - scraper.py >         <module>(): Line 785 - INFO - Running default scraper on KT_BE > https://www.geoservice.apps.be.ch/geoservice3/services/a42geo/of_planningcadastre04_de_ms_wms/MapServer/WMSServer?&request=GetCapabilities&service=WMS (source 65/1467)
2025-11-19 09:48:41,604 - Scraping log - scraper.py > get_service_info(): Line 303 - WARNING - KT_BE, https://www.geoservice.apps.be.ch/geoservice3/services/a42geo/of_planningcadastre04_de_ms_wms/MapServer/WMSServer?&request=GetCapabilities&service=WMS: Failed to detect WMS/WMTS/WFS.
2025-11-19 09:48:41,604 - Scraping log - scraper.py > get_service_info(): Line 414 - ERROR - KT_BE > https://www.geoservice.apps.be.ch/geoservice3/services/a42geo/of_planningcadastre04_de_ms_wms/MapServer/WMSServer?&request=GetCapabilities&service=WMS: 'NoneType' object has no attribute 'identification'
2025-11-19 09:48:41,604 - Scraping log - scraper.py >         <module>(): Line 785 - INFO - Running default scraper on KT_BE > https://www.geoservice.apps.be.ch/geoservice3/services/a42geo/of_planningcadastre04_de_ms_wfs/MapServer/WFSServer?&request=GetCapabilities&service=WFS (source 66/1467)
2025-11-19 09:48:44,746 - Scraping log - scraper.py > get_service_info(): Line 303 - WARNING - KT_BE, https://www.geoservice.apps.be.ch/geoservice3/services/a42geo/of_planningcadastre04_de_ms_wfs/MapServer/WFSServer?&request=GetCapabilities&service=WFS: Failed to detect WMS/WMTS/WFS.
2025-11-19 09:48:44,747 - Scraping log - scraper.py > get_service_info(): Line 414 - ERROR - KT_BE > https://www.geoservice.apps.be.ch/geoservice3/services/a42geo/of_planningcadastre04_de_ms_wfs/MapServer/WFSServer?&request=GetCapabilities&service=WFS: 'NoneType' object has no attribute 'identification'
2025-11-19 09:48:44,747 - Scraping log - scraper.py >         <module>(): Line 785 - INFO - Running default scraper on KT_BE > https://www.geoservice.apps.be.ch/geoservice3/services/a42geo/of_planningcadastre05_de_ms_wms/MapServer/WMSServer?&request=GetCapabilities&service=WMS (source 67/1467)
2025-11-19 09:48:46,855 - Scraping log - scraper.py > get_service_info(): Line 303 - WARNING - KT_BE, https://www.geoservice.apps.be.ch/geoservice3/services/a42geo/of_planningcadastre05_de_ms_wms/MapServer/WMSServer?&request=GetCapabilities&service=WMS: Failed to detect WMS/WMTS/WFS.
2025-11-19 09:48:46,856 - Scraping log - scraper.py > get_service_info(): Line 414 - ERROR - KT_BE > https://www.geoservice.apps.be.ch/geoservice3/services/a42geo/of_planningcadastre05_de_ms_wms/MapServer/WMSServer?&request=GetCapabilities&service=WMS: 'NoneType' object has no attribute 'identification'
2025-11-19 09:48:46,856 - Scraping log - scraper.py >         <module>(): Line 785 - INFO - Running default scraper on KT_BE > https://www.geoservice.apps.be.ch/geoservice3/services/a42geo/of_planningcadastre05_de_ms_wfs/MapServer/WFSServer?&request=GetCapabilities&service=WFS (source 68/1467)
2025-11-19 09:48:49,741 - Scraping log - scraper.py > get_service_info(): Line 303 - WARNING - KT_BE, https://www.geoservice.apps.be.ch/geoservice3/services/a42geo/of_planningcadastre05_de_ms_wfs/MapServer/WFSServer?&request=GetCapabilities&service=WFS: Failed to detect WMS/WMTS/WFS.
2025-11-19 09:48:49,742 - Scraping log - scraper.py > get_service_info(): Line 414 - ERROR - KT_BE > https://www.geoservice.apps.be.ch/geoservice3/services/a42geo/of_planningcadastre05_de_ms_wfs/MapServer/WFSServer?&request=GetCapabilities&service=WFS: 'NoneType' object has no attribute 'identification'
2025-11-19 09:48:49,742 - Scraping log - scraper.py >         <module>(): Line 785 - INFO - Running default scraper on KT_BE > https://www.geoservice.apps.be.ch/geoservice3/services/a42geo/of_planningcadastre06_de_ms_wms/MapServer/WMSServer?&request=GetCapabilities&service=WMS (source 69/1467)
2025-11-19 09:48:51,761 - Scraping log - scraper.py > get_service_info(): Line 303 - WARNING - KT_BE, https://www.geoservice.apps.be.ch/geoservice3/services/a42geo/of_planningcadastre06_de_ms_wms/MapServer/WMSServer?&request=GetCapabilities&service=WMS: Failed to detect WMS/WMTS/WFS.
2025-11-19 09:48:51,762 - Scraping log - scraper.py > get_service_info(): Line 414 - ERROR - KT_BE > https://www.geoservice.apps.be.ch/geoservice3/services/a42geo/of_planningcadastre06_de_ms_wms/MapServer/WMSServer?&request=GetCapabilities&service=WMS: 'NoneType' object has no attribute 'identification'
2025-11-19 09:48:51,762 - Scraping log - scraper.py >         <module>(): Line 785 - INFO - Running default scraper on KT_BE > https://www.geoservice.apps.be.ch/geoservice3/services/a42geo/of_planningcadastre06_de_ms_wfs/MapServer/WFSServer?&request=GetCapabilities&service=WFS (source 70/1467)
2025-11-19 09:48:54,277 - Scraping log - scraper.py > get_service_info(): Line 303 - WARNING - KT_BE, https://www.geoservice.apps.be.ch/geoservice3/services/a42geo/of_planningcadastre06_de_ms_wfs/MapServer/WFSServer?&request=GetCapabilities&service=WFS: Failed to detect WMS/WMTS/WFS.
2025-11-19 09:48:54,277 - Scraping log - scraper.py > get_service_info(): Line 414 - ERROR - KT_BE > https://www.geoservice.apps.be.ch/geoservice3/services/a42geo/of_planningcadastre06_de_ms_wfs/MapServer/WFSServer?&request=GetCapabilities&service=WFS: 'NoneType' object has no attribute 'identification'
2025-11-19 09:48:54,277 - Scraping log - scraper.py >         <module>(): Line 785 - INFO - Running default scraper on KT_BE > https://www.geoservice.apps.be.ch/geoservice3/services/a42geo/of_planningcadastre07_de_ms_wms/MapServer/WMSServer?&request=GetCapabilities&service=WMS (source 71/1467)
2025-11-19 09:48:56,509 - Scraping log - scraper.py > get_service_info(): Line 303 - WARNING - KT_BE, https://www.geoservice.apps.be.ch/geoservice3/services/a42geo/of_planningcadastre07_de_ms_wms/MapServer/WMSServer?&request=GetCapabilities&service=WMS: Failed to detect WMS/WMTS/WFS.
2025-11-19 09:48:56,509 - Scraping log - scraper.py > get_service_info(): Line 414 - ERROR - KT_BE > https://www.geoservice.apps.be.ch/geoservice3/services/a42geo/of_planningcadastre07_de_ms_wms/MapServer/WMSServer?&request=GetCapabilities&service=WMS: 'NoneType' object has no attribute 'identification'
2025-11-19 09:48:56,509 - Scraping log - scraper.py >         <module>(): Line 785 - INFO - Running default scraper on KT_BE > https://www.geoservice.apps.be.ch/geoservice3/services/a42geo/of_planningcadastre07_de_ms_wfs/MapServer/WFSServer?&request=GetCapabilities&service=WFS (source 72/1467)
2025-11-19 09:48:59,238 - Scraping log - scraper.py > get_service_info(): Line 303 - WARNING - KT_BE, https://www.geoservice.apps.be.ch/geoservice3/services/a42geo/of_planningcadastre07_de_ms_wfs/MapServer/WFSServer?&request=GetCapabilities&service=WFS: Failed to detect WMS/WMTS/WFS.
2025-11-19 09:48:59,239 - Scraping log - scraper.py > get_service_info(): Line 414 - ERROR - KT_BE > https://www.geoservice.apps.be.ch/geoservice3/services/a42geo/of_planningcadastre07_de_ms_wfs/MapServer/WFSServer?&request=GetCapabilities&service=WFS: 'NoneType' object has no attribute 'identification'
2025-11-19 09:48:59,239 - Scraping log - scraper.py >         <module>(): Line 785 - INFO - Running default scraper on KT_BE > https://www.geoservice.apps.be.ch/geoservice3/services/a42geo/of_environment01_de_ms_wms/MapServer/WMSServer?&request=GetCapabilities&service=WMS (source 73/1467)
2025-11-19 09:49:01,475 - Scraping log - scraper.py > get_service_info(): Line 303 - WARNING - KT_BE, https://www.geoservice.apps.be.ch/geoservice3/services/a42geo/of_environment01_de_ms_wms/MapServer/WMSServer?&request=GetCapabilities&service=WMS: Failed to detect WMS/WMTS/WFS.
2025-11-19 09:49:01,476 - Scraping log - scraper.py > get_service_info(): Line 414 - ERROR - KT_BE > https://www.geoservice.apps.be.ch/geoservice3/services/a42geo/of_environment01_de_ms_wms/MapServer/WMSServer?&request=GetCapabilities&service=WMS: 'NoneType' object has no attribute 'identification'
2025-11-19 09:49:01,476 - Scraping log - scraper.py >         <module>(): Line 785 - INFO - Running default scraper on KT_BE > https://www.geoservice.apps.be.ch/geoservice3/services/a42geo/of_environment01_de_ms_wfs/MapServer/WFSServer?&request=GetCapabilities&service=WFS (source 74/1467)
2025-11-19 09:49:04,616 - Scraping log - scraper.py > get_service_info(): Line 303 - WARNING - KT_BE, https://www.geoservice.apps.be.ch/geoservice3/services/a42geo/of_environment01_de_ms_wfs/MapServer/WFSServer?&request=GetCapabilities&service=WFS: Failed to detect WMS/WMTS/WFS.
2025-11-19 09:49:04,616 - Scraping log - scraper.py > get_service_info(): Line 414 - ERROR - KT_BE > https://www.geoservice.apps.be.ch/geoservice3/services/a42geo/of_environment01_de_ms_wfs/MapServer/WFSServer?&request=GetCapabilities&service=WFS: 'NoneType' object has no attribute 'identification'
2025-11-19 09:49:04,616 - Scraping log - scraper.py >         <module>(): Line 785 - INFO - Running default scraper on KT_BE > https://www.geoservice.apps.be.ch/geoservice3/services/a42geo/of_environment02_de_ms_wms/MapServer/WMSServer?&request=GetCapabilities&service=WMS (source 75/1467)
2025-11-19 09:49:06,640 - Scraping log - scraper.py > get_service_info(): Line 303 - WARNING - KT_BE, https://www.geoservice.apps.be.ch/geoservice3/services/a42geo/of_environment02_de_ms_wms/MapServer/WMSServer?&request=GetCapabilities&service=WMS: Failed to detect WMS/WMTS/WFS.
2025-11-19 09:49:06,640 - Scraping log - scraper.py > get_service_info(): Line 414 - ERROR - KT_BE > https://www.geoservice.apps.be.ch/geoservice3/services/a42geo/of_environment02_de_ms_wms/MapServer/WMSServer?&request=GetCapabilities&service=WMS: 'NoneType' object has no attribute 'identification'
2025-11-19 09:49:06,640 - Scraping log - scraper.py >         <module>(): Line 785 - INFO - Running default scraper on KT_BE > https://www.geoservice.apps.be.ch/geoservice3/services/a42geo/of_environment02_de_ms_wfs/MapServer/WFSServer?&request=GetCapabilities&service=WFS (source 76/1467)
2025-11-19 09:49:09,230 - Scraping log - scraper.py > get_service_info(): Line 303 - WARNING - KT_BE, https://www.geoservice.apps.be.ch/geoservice3/services/a42geo/of_environment02_de_ms_wfs/MapServer/WFSServer?&request=GetCapabilities&service=WFS: Failed to detect WMS/WMTS/WFS.
2025-11-19 09:49:09,231 - Scraping log - scraper.py > get_service_info(): Line 414 - ERROR - KT_BE > https://www.geoservice.apps.be.ch/geoservice3/services/a42geo/of_environment02_de_ms_wfs/MapServer/WFSServer?&request=GetCapabilities&service=WFS: 'NoneType' object has no attribute 'identification'
2025-11-19 09:49:09,231 - Scraping log - scraper.py >         <module>(): Line 785 - INFO - Running default scraper on KT_BE > https://www.geoservice.apps.be.ch/geoservice3/services/a42geo/of_environment03_de_ms_wms/MapServer/WMSServer?&request=GetCapabilities&service=WMS (source 77/1467)
2025-11-19 09:49:11,991 - Scraping log - scraper.py > get_service_info(): Line 303 - WARNING - KT_BE, https://www.geoservice.apps.be.ch/geoservice3/services/a42geo/of_environment03_de_ms_wms/MapServer/WMSServer?&request=GetCapabilities&service=WMS: Failed to detect WMS/WMTS/WFS.
2025-11-19 09:49:11,991 - Scraping log - scraper.py > get_service_info(): Line 414 - ERROR - KT_BE > https://www.geoservice.apps.be.ch/geoservice3/services/a42geo/of_environment03_de_ms_wms/MapServer/WMSServer?&request=GetCapabilities&service=WMS: 'NoneType' object has no attribute 'identification'
2025-11-19 09:49:11,991 - Scraping log - scraper.py >         <module>(): Line 785 - INFO - Running default scraper on KT_BE > https://www.geoservice.apps.be.ch/geoservice3/services/a42geo/of_environment03_de_ms_wfs/MapServer/WFSServer?&request=GetCapabilities&service=WFS (source 78/1467)
2025-11-19 09:49:14,722 - Scraping log - scraper.py > get_service_info(): Line 303 - WARNING - KT_BE, https://www.geoservice.apps.be.ch/geoservice3/services/a42geo/of_environment03_de_ms_wfs/MapServer/WFSServer?&request=GetCapabilities&service=WFS: Failed to detect WMS/WMTS/WFS.
2025-11-19 09:49:14,722 - Scraping log - scraper.py > get_service_info(): Line 414 - ERROR - KT_BE > https://www.geoservice.apps.be.ch/geoservice3/services/a42geo/of_environment03_de_ms_wfs/MapServer/WFSServer?&request=GetCapabilities&service=WFS: 'NoneType' object has no attribute 'identification'
2025-11-19 09:49:14,722 - Scraping log - scraper.py >         <module>(): Line 785 - INFO - Running default scraper on KT_BE > https://www.geoservice.apps.be.ch/geoservice3/services/a42geo/of_transportation01_de_ms_wms/MapServer/WMSServer?&request=GetCapabilities&service=WMS (source 79/1467)
2025-11-19 09:49:16,872 - Scraping log - scraper.py > get_service_info(): Line 303 - WARNING - KT_BE, https://www.geoservice.apps.be.ch/geoservice3/services/a42geo/of_transportation01_de_ms_wms/MapServer/WMSServer?&request=GetCapabilities&service=WMS: Failed to detect WMS/WMTS/WFS.
2025-11-19 09:49:16,873 - Scraping log - scraper.py > get_service_info(): Line 414 - ERROR - KT_BE > https://www.geoservice.apps.be.ch/geoservice3/services/a42geo/of_transportation01_de_ms_wms/MapServer/WMSServer?&request=GetCapabilities&service=WMS: 'NoneType' object has no attribute 'identification'
2025-11-19 09:49:16,873 - Scraping log - scraper.py >         <module>(): Line 785 - INFO - Running default scraper on KT_BE > https://www.geoservice.apps.be.ch/geoservice3/services/a42geo/of_transportation01_de_ms_wfs/MapServer/WFSServer?&request=GetCapabilities&service=WFS (source 80/1467)
2025-11-19 09:49:20,123 - Scraping log - scraper.py > get_service_info(): Line 303 - WARNING - KT_BE, https://www.geoservice.apps.be.ch/geoservice3/services/a42geo/of_transportation01_de_ms_wfs/MapServer/WFSServer?&request=GetCapabilities&service=WFS: Failed to detect WMS/WMTS/WFS.
2025-11-19 09:49:20,123 - Scraping log - scraper.py > get_service_info(): Line 414 - ERROR - KT_BE > https://www.geoservice.apps.be.ch/geoservice3/services/a42geo/of_transportation01_de_ms_wfs/MapServer/WFSServer?&request=GetCapabilities&service=WFS: 'NoneType' object has no attribute 'identification'
2025-11-19 09:49:20,123 - Scraping log - scraper.py >         <module>(): Line 785 - INFO - Running default scraper on KT_BE > https://www.geoservice.apps.be.ch/geoservice3/services/a42geo/of_transportation02_de_ms_wms/MapServer/WMSServer?&request=GetCapabilities&service=WMS (source 81/1467)
2025-11-19 09:49:22,222 - Scraping log - scraper.py > get_service_info(): Line 303 - WARNING - KT_BE, https://www.geoservice.apps.be.ch/geoservice3/services/a42geo/of_transportation02_de_ms_wms/MapServer/WMSServer?&request=GetCapabilities&service=WMS: Failed to detect WMS/WMTS/WFS.
2025-11-19 09:49:22,223 - Scraping log - scraper.py > get_service_info(): Line 414 - ERROR - KT_BE > https://www.geoservice.apps.be.ch/geoservice3/services/a42geo/of_transportation02_de_ms_wms/MapServer/WMSServer?&request=GetCapabilities&service=WMS: 'NoneType' object has no attribute 'identification'
2025-11-19 09:49:22,223 - Scraping log - scraper.py >         <module>(): Line 785 - INFO - Running default scraper on KT_BE > https://www.geoservice.apps.be.ch/geoservice3/services/a42geo/of_transportation02_de_ms_wfs/MapServer/WFSServer?&request=GetCapabilities&service=WFS (source 82/1467)
2025-11-19 09:49:25,087 - Scraping log - scraper.py > get_service_info(): Line 303 - WARNING - KT_BE, https://www.geoservice.apps.be.ch/geoservice3/services/a42geo/of_transportation02_de_ms_wfs/MapServer/WFSServer?&request=GetCapabilities&service=WFS: Failed to detect WMS/WMTS/WFS.
2025-11-19 09:49:25,087 - Scraping log - scraper.py > get_service_info(): Line 414 - ERROR - KT_BE > https://www.geoservice.apps.be.ch/geoservice3/services/a42geo/of_transportation02_de_ms_wfs/MapServer/WFSServer?&request=GetCapabilities&service=WFS: 'NoneType' object has no attribute 'identification'
2025-11-19 09:49:25,087 - Scraping log - scraper.py >         <module>(): Line 785 - INFO - Running default scraper on KT_BE > https://www.geoservice.apps.be.ch/geoservice3/services/a42geo/of_utilitiescommunication01_de_ms_wms/MapServer/WMSServer?&request=GetCapabilities&service=WMS (source 83/1467)
2025-11-19 09:49:27,078 - Scraping log - scraper.py > get_service_info(): Line 303 - WARNING - KT_BE, https://www.geoservice.apps.be.ch/geoservice3/services/a42geo/of_utilitiescommunication01_de_ms_wms/MapServer/WMSServer?&request=GetCapabilities&service=WMS: Failed to detect WMS/WMTS/WFS.
2025-11-19 09:49:27,079 - Scraping log - scraper.py > get_service_info(): Line 414 - ERROR - KT_BE > https://www.geoservice.apps.be.ch/geoservice3/services/a42geo/of_utilitiescommunication01_de_ms_wms/MapServer/WMSServer?&request=GetCapabilities&service=WMS: 'NoneType' object has no attribute 'identification'
2025-11-19 09:49:27,079 - Scraping log - scraper.py >         <module>(): Line 785 - INFO - Running default scraper on KT_BE > https://www.geoservice.apps.be.ch/geoservice3/services/a42geo/of_utilitiescommunication01_de_ms_wfs/MapServer/WFSServer?&request=GetCapabilities&service=WFS (source 84/1467)
2025-11-19 09:49:29,665 - Scraping log - scraper.py > get_service_info(): Line 303 - WARNING - KT_BE, https://www.geoservice.apps.be.ch/geoservice3/services/a42geo/of_utilitiescommunication01_de_ms_wfs/MapServer/WFSServer?&request=GetCapabilities&service=WFS: Failed to detect WMS/WMTS/WFS.
2025-11-19 09:49:29,666 - Scraping log - scraper.py > get_service_info(): Line 414 - ERROR - KT_BE > https://www.geoservice.apps.be.ch/geoservice3/services/a42geo/of_utilitiescommunication01_de_ms_wfs/MapServer/WFSServer?&request=GetCapabilities&service=WFS: 'NoneType' object has no attribute 'identification'
2025-11-19 09:49:29,666 - Scraping log - scraper.py >         <module>(): Line 785 - INFO - Running default scraper on KT_BE > https://www.geoservice.apps.be.ch/geoservice3/services/a42geo/of_biota01_de_ms_wms/MapServer/WMSServer?&request=GetCapabilities&service=WMS (source 85/1467)
2025-11-19 09:49:31,874 - Scraping log - scraper.py > get_service_info(): Line 303 - WARNING - KT_BE, https://www.geoservice.apps.be.ch/geoservice3/services/a42geo/of_biota01_de_ms_wms/MapServer/WMSServer?&request=GetCapabilities&service=WMS: Failed to detect WMS/WMTS/WFS.
2025-11-19 09:49:31,874 - Scraping log - scraper.py > get_service_info(): Line 414 - ERROR - KT_BE > https://www.geoservice.apps.be.ch/geoservice3/services/a42geo/of_biota01_de_ms_wms/MapServer/WMSServer?&request=GetCapabilities&service=WMS: 'NoneType' object has no attribute 'identification'
2025-11-19 09:49:31,874 - Scraping log - scraper.py >         <module>(): Line 785 - INFO - Running default scraper on KT_BE > https://www.geoservice.apps.be.ch/geoservice3/services/a42geo/of_biota01_de_ms_wfs/MapServer/WFSServer?&request=GetCapabilities&service=WFS (source 86/1467)
2025-11-19 09:49:34,640 - Scraping log - scraper.py > get_service_info(): Line 303 - WARNING - KT_BE, https://www.geoservice.apps.be.ch/geoservice3/services/a42geo/of_biota01_de_ms_wfs/MapServer/WFSServer?&request=GetCapabilities&service=WFS: Failed to detect WMS/WMTS/WFS.
2025-11-19 09:49:34,640 - Scraping log - scraper.py > get_service_info(): Line 414 - ERROR - KT_BE > https://www.geoservice.apps.be.ch/geoservice3/services/a42geo/of_biota01_de_ms_wfs/MapServer/WFSServer?&request=GetCapabilities&service=WFS: 'NoneType' object has no attribute 'identification'
2025-11-19 09:49:34,640 - Scraping log - scraper.py >         <module>(): Line 785 - INFO - Running default scraper on KT_BE > https://www.geoservice.apps.be.ch/geoservice3/services/a42geo/of_economy01_de_ms_wms/MapServer/WMSServer?&request=GetCapabilities&service=WMS (source 87/1467)
2025-11-19 09:49:48,465 - Scraping log - scraper.py > get_service_info(): Line 303 - WARNING - KT_BE, https://www.geoservice.apps.be.ch/geoservice3/services/a42geo/of_economy01_de_ms_wms/MapServer/WMSServer?&request=GetCapabilities&service=WMS: Failed to detect WMS/WMTS/WFS.
2025-11-19 09:49:48,465 - Scraping log - scraper.py > get_service_info(): Line 414 - ERROR - KT_BE > https://www.geoservice.apps.be.ch/geoservice3/services/a42geo/of_economy01_de_ms_wms/MapServer/WMSServer?&request=GetCapabilities&service=WMS: 'NoneType' object has no attribute 'identification'
2025-11-19 09:49:48,465 - Scraping log - scraper.py >         <module>(): Line 785 - INFO - Running default scraper on KT_BE > https://www.geoservice.apps.be.ch/geoservice3/services/a42geo/of_economy01_de_ms_wfs/MapServer/WFSServer?&request=GetCapabilities&service=WFS (source 88/1467)
2025-11-19 09:49:51,530 - Scraping log - scraper.py > get_service_info(): Line 303 - WARNING - KT_BE, https://www.geoservice.apps.be.ch/geoservice3/services/a42geo/of_economy01_de_ms_wfs/MapServer/WFSServer?&request=GetCapabilities&service=WFS: Failed to detect WMS/WMTS/WFS.
2025-11-19 09:49:51,530 - Scraping log - scraper.py > get_service_info(): Line 414 - ERROR - KT_BE > https://www.geoservice.apps.be.ch/geoservice3/services/a42geo/of_economy01_de_ms_wfs/MapServer/WFSServer?&request=GetCapabilities&service=WFS: 'NoneType' object has no attribute 'identification'
2025-11-19 09:49:51,530 - Scraping log - scraper.py >         <module>(): Line 785 - INFO - Running default scraper on KT_GL > https://wms.geo.gl.ch/?SERVICE=WMS&VERSION=1.3.0&REQUEST=GetCapabilities (source 89/1467)
2025-11-19 09:50:15,701 - Scraping log - scraper.py > get_service_info(): Line 303 - WARNING - KT_GL, https://wms.geo.gl.ch/?SERVICE=WMS&VERSION=1.3.0&REQUEST=GetCapabilities: Failed to detect WMS/WMTS/WFS.
2025-11-19 09:50:15,701 - Scraping log - scraper.py > get_service_info(): Line 414 - ERROR - KT_GL > https://wms.geo.gl.ch/?SERVICE=WMS&VERSION=1.3.0&REQUEST=GetCapabilities: 'NoneType' object has no attribute 'identification'
2025-11-19 09:50:15,702 - Scraping log - scraper.py >         <module>(): Line 785 - INFO - Running default scraper on KT_GL > https://wfs.geo.gl.ch/?service=WFS&request=GetCapabilities (source 90/1467)
2025-11-19 09:50:28,025 - Scraping log - scraper.py > get_service_info(): Line 303 - WARNING - KT_GL, https://wfs.geo.gl.ch/?service=WFS&request=GetCapabilities: Failed to detect WMS/WMTS/WFS.
2025-11-19 09:50:28,025 - Scraping log - scraper.py > get_service_info(): Line 414 - ERROR - KT_GL > https://wfs.geo.gl.ch/?service=WFS&request=GetCapabilities: 'NoneType' object has no attribute 'identification'
2025-11-19 09:50:28,025 - Scraping log - scraper.py >         <module>(): Line 785 - INFO - Running default scraper on KT_GR > https://wms.geo.gr.ch/admineinteilung?service=WMS&request=GetCapabilities (source 91/1467)
2025-11-19 09:50:31,726 - Scraping log - scraper.py > get_service_info(): Line 303 - WARNING - KT_GR, https://wms.geo.gr.ch/admineinteilung?service=WMS&request=GetCapabilities: Failed to detect WMS/WMTS/WFS.
2025-11-19 09:50:31,727 - Scraping log - scraper.py > get_service_info(): Line 414 - ERROR - KT_GR > https://wms.geo.gr.ch/admineinteilung?service=WMS&request=GetCapabilities: 'NoneType' object has no attribute 'identification'
2025-11-19 09:50:31,727 - Scraping log - scraper.py >         <module>(): Line 785 - INFO - Running default scraper on KT_GR > https://wms.geo.gr.ch/regionen?service=WMS&request=GetCapabilities (source 92/1467)
2025-11-19 09:50:32,847 - Scraping log - scraper.py >      get_version(): Line 113 - WARNING - https://wms.geo.gr.ch/regionen?service=WMS&request=GetCapabilities: Version attribute not found
2025-11-19 09:50:32,847 - Scraping log - scraper.py > get_service_info(): Line 414 - ERROR - KT_GR > https://wms.geo.gr.ch/regionen?service=WMS&request=GetCapabilities: expected string or bytes-like object
2025-11-19 09:50:32,847 - Scraping log - scraper.py >         <module>(): Line 785 - INFO - Running default scraper on KT_GR > https://wms.geo.gr.ch/basisinfo?service=WMS&request=GetCapabilities (source 93/1467)
2025-11-19 09:50:35,737 - Scraping log - scraper.py > get_service_info(): Line 303 - WARNING - KT_GR, https://wms.geo.gr.ch/basisinfo?service=WMS&request=GetCapabilities: Failed to detect WMS/WMTS/WFS.
2025-11-19 09:50:35,737 - Scraping log - scraper.py > get_service_info(): Line 414 - ERROR - KT_GR > https://wms.geo.gr.ch/basisinfo?service=WMS&request=GetCapabilities: 'NoneType' object has no attribute 'identification'
2025-11-19 09:50:35,737 - Scraping log - scraper.py >         <module>(): Line 785 - INFO - Running default scraper on KT_GR > https://wms.geo.gr.ch/basisplan?service=WMS&request=GetCapabilities (source 94/1467)
2025-11-19 09:50:38,471 - Scraping log - scraper.py > get_service_info(): Line 303 - WARNING - KT_GR, https://wms.geo.gr.ch/basisplan?service=WMS&request=GetCapabilities: Failed to detect WMS/WMTS/WFS.
2025-11-19 09:50:38,471 - Scraping log - scraper.py > get_service_info(): Line 414 - ERROR - KT_GR > https://wms.geo.gr.ch/basisplan?service=WMS&request=GetCapabilities: 'NoneType' object has no attribute 'identification'
2025-11-19 09:50:38,472 - Scraping log - scraper.py >         <module>(): Line 785 - INFO - Running default scraper on KT_GR > https://wms.geo.gr.ch/bienenseuchen?service=WMS&request=GetCapabilities (source 95/1467)
2025-11-19 09:50:38,959 - Scraping log - scraper.py >         <module>(): Line 793 - WARNING - Scraping KT_GR > https://wms.geo.gr.ch/bienenseuchen?service=WMS&request=GetCapabilities aborted
2025-11-19 09:50:38,959 - Scraping log - scraper.py >         <module>(): Line 785 - INFO - Running default scraper on KT_GR > https://wms.geo.gr.ch/erdwaermenutzung?service=WMS&request=GetCapabilities (source 96/1467)
2025-11-19 09:50:41,774 - Scraping log - scraper.py > get_service_info(): Line 303 - WARNING - KT_GR, https://wms.geo.gr.ch/erdwaermenutzung?service=WMS&request=GetCapabilities: Failed to detect WMS/WMTS/WFS.
2025-11-19 09:50:41,774 - Scraping log - scraper.py > get_service_info(): Line 414 - ERROR - KT_GR > https://wms.geo.gr.ch/erdwaermenutzung?service=WMS&request=GetCapabilities: 'NoneType' object has no attribute 'identification'
2025-11-19 09:50:41,775 - Scraping log - scraper.py >         <module>(): Line 785 - INFO - Running default scraper on KT_GR > https://wms.geo.gr.ch/fruchtfolgeflaechen?service=WMS&request=GetCapabilities (source 97/1467)
2025-11-19 09:50:44,468 - Scraping log - scraper.py > get_service_info(): Line 303 - WARNING - KT_GR, https://wms.geo.gr.ch/fruchtfolgeflaechen?service=WMS&request=GetCapabilities: Failed to detect WMS/WMTS/WFS.
2025-11-19 09:50:44,468 - Scraping log - scraper.py > get_service_info(): Line 414 - ERROR - KT_GR > https://wms.geo.gr.ch/fruchtfolgeflaechen?service=WMS&request=GetCapabilities: 'NoneType' object has no attribute 'identification'
2025-11-19 09:50:44,468 - Scraping log - scraper.py >         <module>(): Line 785 - INFO - Running default scraper on KT_GR > https://wms.geo.gr.ch/gebaeudeinformation?service=WMS&request=GetCapabilities (source 98/1467)
2025-11-19 09:50:47,779 - Scraping log - scraper.py > get_service_info(): Line 303 - WARNING - KT_GR, https://wms.geo.gr.ch/gebaeudeinformation?service=WMS&request=GetCapabilities: Failed to detect WMS/WMTS/WFS.
2025-11-19 09:50:47,780 - Scraping log - scraper.py > get_service_info(): Line 414 - ERROR - KT_GR > https://wms.geo.gr.ch/gebaeudeinformation?service=WMS&request=GetCapabilities: 'NoneType' object has no attribute 'identification'
2025-11-19 09:50:47,780 - Scraping log - scraper.py >         <module>(): Line 785 - INFO - Running default scraper on KT_GR > https://wms.geo.gr.ch/geologie?service=WMS&request=GetCapabilities (source 99/1467)
2025-11-19 09:50:50,422 - Scraping log - scraper.py > get_service_info(): Line 303 - WARNING - KT_GR, https://wms.geo.gr.ch/geologie?service=WMS&request=GetCapabilities: Failed to detect WMS/WMTS/WFS.
2025-11-19 09:50:50,423 - Scraping log - scraper.py > get_service_info(): Line 414 - ERROR - KT_GR > https://wms.geo.gr.ch/geologie?service=WMS&request=GetCapabilities: 'NoneType' object has no attribute 'identification'
2025-11-19 09:50:50,423 - Scraping log - scraper.py >         <module>(): Line 785 - INFO - Running default scraper on KT_GR > https://wms.geo.gr.ch/geologische_karten?service=WMS&request=GetCapabilities (source 100/1467)
2025-11-19 09:50:52,949 - Scraping log - scraper.py > get_service_info(): Line 303 - WARNING - KT_GR, https://wms.geo.gr.ch/geologische_karten?service=WMS&request=GetCapabilities: Failed to detect WMS/WMTS/WFS.
2025-11-19 09:50:52,950 - Scraping log - scraper.py > get_service_info(): Line 414 - ERROR - KT_GR > https://wms.geo.gr.ch/geologische_karten?service=WMS&request=GetCapabilities: 'NoneType' object has no attribute 'identification'
2025-11-19 09:50:52,950 - Scraping log - scraper.py >         <module>(): Line 800 - INFO - Scraping took: 5 mins
2025-11-19 09:58:08,505 - Scraping log - scraper.py >         <module>(): Line 811 - INFO - Keeping 548 datasets from old database without processing
2025-11-19 10:14:35,360 - Scraping log - scraper.py >         <module>(): Line 816 - INFO - Found 63433 datasets for processing
2025-11-19 10:14:36,380 - Scraping log - scraper.py >         <module>(): Line 826 - INFO - Job took: 29 mins
