2025-11-19 07:46:41,389 - Scraping log - scraper.py >         <module>(): Line 740 - INFO - Running scraper with a limit of 5
2025-11-19 07:46:41,435 - Scraping log - scraper.py >         <module>(): Line 771 - INFO - Startup time until scraping: 0 mins
2025-11-19 07:46:41,435 - Scraping log - scraper.py >         <module>(): Line 785 - INFO - Running default scraper on KT_AI > https://www.geoportal.ch/services/wms/ktai?SERVICE=WMS&REQUEST=GetCapabilities (source 1/1467)
2025-11-19 07:46:47,043 - Scraping log - scraper.py > get_service_info(): Line 303 - WARNING - KT_AI, https://www.geoportal.ch/services/wms/ktai?SERVICE=WMS&REQUEST=GetCapabilities: Failed to detect WMS/WMTS/WFS.
2025-11-19 07:46:47,057 - Scraping log - scraper.py > get_service_info(): Line 414 - ERROR - KT_AI > https://www.geoportal.ch/services/wms/ktai?SERVICE=WMS&REQUEST=GetCapabilities: 'NoneType' object has no attribute 'identification'
2025-11-19 07:46:47,057 - Scraping log - scraper.py >         <module>(): Line 785 - INFO - Running default scraper on KT_AR > https://www.geoportal.ch/services/wms/ktar?SERVICE=WMS&REQUEST=GetCapabilities (source 2/1467)
2025-11-19 07:46:52,765 - Scraping log - scraper.py > get_service_info(): Line 303 - WARNING - KT_AR, https://www.geoportal.ch/services/wms/ktar?SERVICE=WMS&REQUEST=GetCapabilities: Failed to detect WMS/WMTS/WFS.
2025-11-19 07:46:52,765 - Scraping log - scraper.py > get_service_info(): Line 414 - ERROR - KT_AR > https://www.geoportal.ch/services/wms/ktar?SERVICE=WMS&REQUEST=GetCapabilities: 'NoneType' object has no attribute 'identification'
2025-11-19 07:46:52,765 - Scraping log - scraper.py >         <module>(): Line 785 - INFO - Running default scraper on KT_AG > https://wms.geo.ag.ch/public/ows?SERVICE=WMS (source 3/1467)
2025-11-19 07:46:56,886 - Scraping log - scraper.py > get_service_info(): Line 303 - WARNING - KT_AG, https://wms.geo.ag.ch/public/ows?SERVICE=WMS: Failed to detect WMS/WMTS/WFS.
2025-11-19 07:46:56,887 - Scraping log - scraper.py > get_service_info(): Line 414 - ERROR - KT_AG > https://wms.geo.ag.ch/public/ows?SERVICE=WMS: 'NoneType' object has no attribute 'identification'
2025-11-19 07:46:56,887 - Scraping log - scraper.py >         <module>(): Line 785 - INFO - Running default scraper on KT_BL > https://tile.geoview.bl.ch/1.0.0/WMTSCapabilities.xml (source 4/1467)
2025-11-19 07:47:00,079 - Scraping log - scraper.py > get_service_info(): Line 303 - WARNING - KT_BL, https://tile.geoview.bl.ch/1.0.0/WMTSCapabilities.xml: Failed to detect WMS/WMTS/WFS.
2025-11-19 07:47:00,079 - Scraping log - scraper.py > get_service_info(): Line 414 - ERROR - KT_BL > https://tile.geoview.bl.ch/1.0.0/WMTSCapabilities.xml: 'NoneType' object has no attribute 'identification'
2025-11-19 07:47:00,079 - Scraping log - scraper.py >         <module>(): Line 785 - INFO - Running default scraper on KT_BL > http://geowms.bl.ch/?SERVICE=WMS&VERSION=1.3.0&REQUEST=GetCapabilities (source 5/1467)
2025-11-19 07:47:14,746 - Scraping log - scraper.py > get_service_info(): Line 303 - WARNING - KT_BL, http://geowms.bl.ch/?SERVICE=WMS&VERSION=1.3.0&REQUEST=GetCapabilities: Failed to detect WMS/WMTS/WFS.
2025-11-19 07:47:14,747 - Scraping log - scraper.py > get_service_info(): Line 414 - ERROR - KT_BL > http://geowms.bl.ch/?SERVICE=WMS&VERSION=1.3.0&REQUEST=GetCapabilities: 'NoneType' object has no attribute 'identification'
2025-11-19 07:47:14,747 - Scraping log - scraper.py >         <module>(): Line 800 - INFO - Scraping took: 0 mins
2025-11-19 07:53:29,003 - Scraping log - scraper.py >         <module>(): Line 811 - INFO - Keeping 548 datasets from old database without processing
2025-11-19 08:09:53,998 - Scraping log - scraper.py >         <module>(): Line 816 - INFO - Found 63433 datasets for processing
2025-11-19 08:09:54,999 - Scraping log - scraper.py >         <module>(): Line 826 - INFO - Job took: 23 mins
